Component: ARM Compiler 5.05 update 1 (build 106) Tool: armlink [4d0efa]

==============================================================================

Section Cross References

    system_stm32f4xx.o(i.SystemCoreClockUpdate) refers to system_stm32f4xx.o(.data) for SystemCoreClock
    system_stm32f4xx.o(i.SystemCoreClockUpdate) refers to system_stm32f4xx.o(.constdata) for AHBPrescTable
    bsp_can.o(i.CAN_Send_Message) refers to stm32f4xx_hal_can.o(i.HAL_CAN_Transmit) for HAL_CAN_Transmit
    bsp_can.o(i.CAN_Send_Message) refers to systemstate.o(i.MesureTimePeriod) for MesureTimePeriod
    bsp_can.o(i.Can_Inite) refers to queue.o(i.xQueueGenericCreate) for xQueueGenericCreate
    bsp_can.o(i.Can_Inite) refers to stm32f4xx_hal_can.o(i.HAL_CAN_Receive_IT) for HAL_CAN_Receive_IT
    bsp_can.o(i.Can_Inite) refers to tasks.o(i.xTaskGenericCreate) for xTaskGenericCreate
    bsp_can.o(i.Can_Inite) refers to printf1.o(i.__0printf$1) for __2printf
    bsp_can.o(i.Can_Inite) refers to bsp_can.o(.data) for Can_TXData_QueHandle
    bsp_can.o(i.Can_Inite) refers to can.o(.bss) for hcan1
    bsp_can.o(i.Can_Inite) refers to bsp_can.o(i.vCanSent_Task) for vCanSent_Task
    bsp_can.o(i.Can_Sent_msgToQue) refers to queue.o(i.xQueueGenericSend) for xQueueGenericSend
    bsp_can.o(i.Can_Sent_msgToQue) refers to can.o(.bss) for hcan1
    bsp_can.o(i.Can_Sent_msgToQue) refers to bsp_can.o(.data) for Can_TXData_QueHandle
    bsp_can.o(i.Can_Sent_msgToQueFromISR) refers to queue.o(i.xQueueGenericSendFromISR) for xQueueGenericSendFromISR
    bsp_can.o(i.Can_Sent_msgToQueFromISR) refers to can.o(.bss) for hcan1
    bsp_can.o(i.Can_Sent_msgToQueFromISR) refers to bsp_can.o(.data) for Can_TXData_QueHandle
    bsp_can.o(i.HAL_CAN_RxCpltCallback) refers to bsp_motor.o(i.GetMotorState) for GetMotorState
    bsp_can.o(i.HAL_CAN_RxCpltCallback) refers to systemstate.o(i.GetSystemTimer) for GetSystemTimer
    bsp_can.o(i.HAL_CAN_RxCpltCallback) refers to systemstate.o(i.RefreshDeviceOutLineTime) for RefreshDeviceOutLineTime
    bsp_can.o(i.HAL_CAN_RxCpltCallback) refers to iwdg.o(.bss) for hiwdg
    bsp_can.o(i.HAL_CAN_RxCpltCallback) refers to can.o(.bss) for hcan1
    bsp_can.o(i.HAL_CAN_RxCpltCallback) refers to bsp_motor.o(.bss) for Motor1
    bsp_can.o(i.HAL_CAN_RxCpltCallback) refers to systemstate.o(.bss) for g_Time_MotorOutLine
    bsp_can.o(i.My_CAN1_FilterConfig) refers to stm32f4xx_hal_can.o(i.HAL_CAN_ConfigFilter) for HAL_CAN_ConfigFilter
    bsp_can.o(i.My_CAN1_FilterConfig) refers to bsp_can.o(.bss) for TxMessage
    bsp_can.o(i.My_CAN2_FilterConfig) refers to stm32f4xx_hal_can.o(i.HAL_CAN_ConfigFilter) for HAL_CAN_ConfigFilter
    bsp_can.o(i.My_CAN2_FilterConfig) refers to bsp_can.o(.bss) for TxMessage
    bsp_can.o(i.vCanHeartSent_Task) refers to tasks.o(i.xTaskGetTickCount) for xTaskGetTickCount
    bsp_can.o(i.vCanHeartSent_Task) refers to tasks.o(i.vTaskDelayUntil) for vTaskDelayUntil
    bsp_can.o(i.vCanSent_Task) refers to queue.o(i.xQueueGenericReceive) for xQueueGenericReceive
    bsp_can.o(i.vCanSent_Task) refers to bsp_can.o(i.CAN_Send_Message) for CAN_Send_Message
    bsp_can.o(i.vCanSent_Task) refers to bsp_can.o(.data) for Can_TXData_QueHandle
    bsp_motor.o(i.GetMotorState) refers to dflti.o(.text) for __aeabi_i2d
    bsp_motor.o(i.GetMotorState) refers to dmul.o(.text) for __aeabi_dmul
    bsp_motor.o(i.GetMotorState) refers to f2d.o(.text) for __aeabi_f2d
    bsp_motor.o(i.GetMotorState) refers to cdcmple.o(.text) for __aeabi_cdcmple
    bsp_motor.o(i.GetMotorState) refers to cdrcmple.o(.text) for __aeabi_cdrcmple
    bsp_motor.o(i.GetMotorState) refers to ddiv.o(.text) for __aeabi_ddiv
    bsp_motor.o(i.GetMotorState) refers to d2f.o(.text) for __aeabi_d2f
    bsp_motor.o(i.LiftMotor_EN_ALLSET) refers to bsp_motor.o(.bss) for MotorA
    bsp_motor.o(i.MotorProtect) refers to systemstate.o(.bss) for SystemState
    bsp_motor.o(i.Motor_Inite_ALL) refers to bsp_motor.o(i.Motor_Inite_All_up_dowm) for Motor_Inite_All_up_dowm
    bsp_motor.o(i.Motor_Inite_ALL) refers to bsp_motor.o(i.Motor_Inite_All_Chassis) for Motor_Inite_All_Chassis
    bsp_motor.o(i.Motor_Inite_ALL) refers to tasks.o(i.xTaskGenericCreate) for xTaskGenericCreate
    bsp_motor.o(i.Motor_Inite_ALL) refers to bsp_motor.o(.bss) for MotorA
    bsp_motor.o(i.Motor_Inite_ALL) refers to bsp_motor.o(i.vMotorPIDCtr_Task) for vMotorPIDCtr_Task
    bsp_motor.o(i.Motor_control_UD) refers to bsp_motor.o(i.MotorProtect) for MotorProtect
    bsp_motor.o(i.Motor_control_UD) refers to bsp_pid.o(i.PID_Control_normal) for PID_Control_normal
    bsp_motor.o(i.MoveMotor_EN_ALLSET) refers to bsp_motor.o(.bss) for Motor1
    bsp_motor.o(i.SentControlData) refers to bsp_motor.o(i.AddDeadZone) for AddDeadZone
    bsp_motor.o(i.SentControlData) refers to bsp_can.o(i.Can_Sent_msgToQue) for Can_Sent_msgToQue
    bsp_motor.o(i.SentControlData) refers to bsp_motor.o(.bss) for Motor1
    bsp_motor.o(i.SentControlData) refers to systemstate.o(.bss) for SystemState
[...]
    .data                                    0x2000011c   Section        4  freertos.o(.data)
    .data                                    0x20000120   Section        4  stdout.o(.data)
    .data                                    0x20000124   Section        4  errno.o(.data)
    _errno                                   0x20000124   Data           4  errno.o(.data)
    .bss                                     0x20000128   Section      128  bsp_can.o(.bss)
    TxMessage                                0x20000128   Data          28  bsp_can.o(.bss)
    RxMessage                                0x20000144   Data          36  bsp_can.o(.bss)
    TxMessage                                0x20000168   Data          28  bsp_can.o(.bss)
    RxMessage                                0x20000184   Data          36  bsp_can.o(.bss)
    .bss                                     0x200001a8   Section     1640  bsp_motor.o(.bss)
    .bss                                     0x20000810   Section      660  bsp_uart.o(.bss)
    .bss                                     0x20000aa4   Section      620  systemstate.o(.bss)
    .bss                                     0x20000d10   Section      108  remote.o(.bss)
    LastButtonJumpTick                       0x20000d40   Data          60  remote.o(.bss)
    .bss                                     0x20000d7c   Section      240  tasks.o(.bss)
    pxReadyTasksLists                        0x20000d7c   Data         140  tasks.o(.bss)
    xDelayedTaskList1                        0x20000e08   Data          20  tasks.o(.bss)
    xDelayedTaskList2                        0x20000e1c   Data          20  tasks.o(.bss)
    xPendingReadyList                        0x20000e30   Data          20  tasks.o(.bss)
    xTasksWaitingTermination                 0x20000e44   Data          20  tasks.o(.bss)
    xSuspendedTaskList                       0x20000e58   Data          20  tasks.o(.bss)
    .bss                                     0x20000e6c   Section    30360  heap_4.o(.bss)
    ucHeap                                   0x20000e6c   Data       30360  heap_4.o(.bss)
    .bss                                     0x20008504   Section      128  can.o(.bss)
    .bss                                     0x20008584   Section      120  tim.o(.bss)
    .bss                                     0x200085fc   Section     1280  usart.o(.bss)
    .bss                                     0x20008afc   Section       12  iwdg.o(.bss)
    STACK                                    0x20008b08   Section     1024  startup_stm32f405xx.o(STACK)

    Global Symbols

    Symbol Name                              Value     Ov Type        Size  Object(Section)

    BuildAttributes$$THM_ISAv4$E$P$D$K$B$S$7EM$VFPi3$EXTD16$VFPS$VFMA$PE$A:L22UL41UL21$X:L11$S22US41US21$IEEE1$IW$USESV6$~STKCKD$USESV7$~SHL$OTIME$ROPI$IEEEX$EBA8$MICROLIB$REQ8$PRES8$EABIv2 0x00000000   Number         0  anon$$obj.o ABSOLUTE
    __ARM_use_no_argv                        0x00000000   Number         0  main.o ABSOLUTE
    _printf_a                                0x00000000   Number         0  stubs.o ABSOLUTE
    _printf_c                                0x00000000   Number         0  stubs.o ABSOLUTE
    _printf_charcount                        0x00000000   Number         0  stubs.o ABSOLUTE
    _printf_d                                0x00000000   Number         0  stubs.o ABSOLUTE
    _printf_e                                0x00000000   Number         0  stubs.o ABSOLUTE
    _printf_f                                0x00000000   Number         0  stubs.o ABSOLUTE
    _printf_flags                            0x00000000   Number         0  stubs.o ABSOLUTE
    _printf_fp_dec                           0x00000000   Number         0  stubs.o ABSOLUTE
    _printf_fp_hex                           0x00000000   Number         0  stubs.o ABSOLUTE
    _printf_g                                0x00000000   Number         0  stubs.o ABSOLUTE
    _printf_i                                0x00000000   Number         0  stubs.o ABSOLUTE
    _printf_int_dec                          0x00000000   Number         0  stubs.o ABSOLUTE
    _printf_l                                0x00000000   Number         0  stubs.o ABSOLUTE
    _printf_lc                               0x00000000   Number         0  stubs.o ABSOLUTE
    _printf_ll                               0x00000000   Number         0  stubs.o ABSOLUTE
    _printf_lld                              0x00000000   Number         0  stubs.o ABSOLUTE
    _printf_lli                              0x00000000   Number         0  stubs.o ABSOLUTE
    _printf_llo                              0x00000000   Number         0  stubs.o ABSOLUTE
    _printf_llu                              0x00000000   Number         0  stubs.o ABSOLUTE
    _printf_llx                              0x00000000   Number         0  stubs.o ABSOLUTE
    _printf_longlong_dec                     0x00000000   Number         0  stubs.o ABSOLUTE
    _printf_longlong_hex                     0x00000000   Number         0  stubs.o ABSOLUTE
    _printf_longlong_oct                     0x00000000   Number         0  stubs.o ABSOLUTE
    _printf_ls                               0x00000000   Number         0  stubs.o ABSOLUTE
    _printf_mbtowc                           0x00000000   Number         0  stubs.o ABSOLUTE
    _printf_n                                0x00000000   Number         0  stubs.o ABSOLUTE
    _printf_o                                0x00000000   Number         0  stubs.o ABSOLUTE
    _printf_p                                0x00000000   Number         0  stubs.o ABSOLUTE
    _printf_percent                          0x00000000   Number         0  stubs.o ABSOLUTE
    _printf_pre_padding                      0x00000000   Number         0  stubs.o ABSOLUTE
    _printf_return_value                     0x00000000   Number         0  stubs.o ABSOLUTE
    _printf_s                                0x00000000   Number         0  stubs.o ABSOLUTE
    _printf_sizespec                         0x00000000   Number         0  stubs.o ABSOLUTE
    _printf_str                              0x00000000   Number         0  stubs.o ABSOLUTE
    _printf_truncate_signed                  0x00000000   Number         0  stubs.o ABSOLUTE
    _printf_truncate_unsigned                0x00000000   Number         0  stubs.o ABSOLUTE
    _printf_u                                0x00000000   Number         0  stubs.o ABSOLUTE
    _printf_wc                               0x00000000   Number         0  stubs.o ABSOLUTE
    _printf_wctomb                           0x00000000   Number         0  stubs.o ABSOLUTE
    _printf_widthprec                        0x00000000   Number         0  stubs.o ABSOLUTE
    _printf_x                                0x00000000   Number         0  stubs.o ABSOLUTE
    __cpp_initialize__aeabi_                  - Undefined Weak Reference
    __cxa_finalize                            - Undefined Weak Reference
    __decompress                              - Undefined Weak Reference
    _clock_init                               - Undefined Weak Reference
    _microlib_exit                            - Undefined Weak Reference
    __Vectors_Size                           0x00000188   Number         0  startup_stm32f405xx.o ABSOLUTE
    __Vectors                                0x08000000   Data           4  startup_stm32f405xx.o(RESET)
    __Vectors_End                            0x08000188   Data           0  startup_stm32f405xx.o(RESET)
    __main                                   0x08000189   Thumb Code     0  entry.o(.ARM.Collect$$$$00000000)
    _main_stk                                0x08000189   Thumb Code     0  entry2.o(.ARM.Collect$$$$00000001)
    _main_scatterload                        0x0800018d   Thumb Code     0  entry5.o(.ARM.Collect$$$$00000004)
    __main_after_scatterload                 0x08000191   Thumb Code     0  entry5.o(.ARM.Collect$$$$00000004)
    _main_clock                              0x08000191   Thumb Code     0  entry7b.o(.ARM.Collect$$$$00000008)
    _main_cpp_init                           0x08000191   Thumb Code     0  entry8b.o(.ARM.Collect$$$$0000000A)
    _main_init                               0x08000191   Thumb Code     0  entry9a.o(.ARM.Collect$$$$0000000B)
    __rt_final_cpp                           0x08000199   Thumb Code     0  entry10a.o(.ARM.Collect$$$$0000000D)
    __rt_final_exit                          0x08000199   Thumb Code     0  entry11a.o(.ARM.Collect$$$$0000000F)
    SVC_Handler                              0x0800019d   Thumb Code    28  port.o(.emb_text)
    __asm___6_port_c_39a90d8d__prvStartFirstTask 0x080001bd   Thumb Code    28  port.o(.emb_text)
    __asm___6_port_c_39a90d8d__prvEnableVFP  0x080001dd   Thumb Code    16  port.o(.emb_text)
    PendSV_Handler                           0x080001f1   Thumb Code    92  port.o(.emb_text)
    vPortGetIPSR                             0x08000251   Thumb Code     6  port.o(.emb_text)
    Reset_Handler                            0x08000259   Thumb Code     8  startup_stm32f405xx.o(.text)
    ADC_IRQHandler                           0x08000273   Thumb Code     0  startup_stm32f405xx.o(.text)
    CAN1_RX1_IRQHandler                      0x08000273   Thumb Code     0  startup_stm32f405xx.o(.text)
    CAN1_SCE_IRQHandler                      0x08000273   Thumb Code     0  startup_stm32f405xx.o(.text)
    CAN1_TX_IRQHandler                       0x08000273   Thumb Code     0  startup_stm32f405xx.o(.text)
    CAN2_RX1_IRQHandler                      0x08000273   Thumb Code     0  startup_stm32f405xx.o(.text)
    CAN2_SCE_IRQHandler                      0x08000273   Thumb Code     0  startup_stm32f405xx.o(.text)
    CAN2_TX_IRQHandler                       0x08000273   Thumb Code     0  startup_stm32f405xx.o(.text)
    DMA1_Stream0_IRQHandler                  0x08000273   Thumb Code     0  startup_stm32f405xx.o(.text)
    DMA1_Stream7_IRQHandler                  0x08000273   Thumb Code     0  startup_stm32f405xx.o(.text)
    DMA2_Stream0_IRQHandler                  0x08000273   Thumb Code     0  startup_stm32f405xx.o(.text)
    DMA2_Stream3_IRQHandler                  0x08000273   Thumb Code     0  startup_stm32f405xx.o(.text)
    DMA2_Stream4_IRQHandler                  0x08000273   Thumb Code     0  startup_stm32f405xx.o(.text)
    DMA2_Stream5_IRQHandler                  0x08000273   Thumb Code     0  startup_stm32f405xx.o(.text)
    EXTI0_IRQHandler                         0x08000273   Thumb Code     0  startup_stm32f405xx.o(.text)
    EXTI15_10_IRQHandler                     0x08000273   Thumb Code     0  startup_stm32f405xx.o(.text)
    EXTI1_IRQHandler                         0x08000273   Thumb Code     0  startup_stm32f405xx.o(.text)
    EXTI2_IRQHandler                         0x08000273   Thumb Code     0  startup_stm32f405xx.o(.text)
    EXTI3_IRQHandler                         0x08000273   Thumb Code     0  startup_stm32f405xx.o(.text)
    EXTI4_IRQHandler                         0x08000273   Thumb Code     0  startup_stm32f405xx.o(.text)
    EXTI9_5_IRQHandler                       0x08000273   Thumb Code     0  startup_stm32f405xx.o(.text)
    FLASH_IRQHandler                         0x08000273   Thumb Code     0  startup_stm32f405xx.o(.text)
    FMC_IRQHandler                           0x08000273   Thumb Code     0  startup_stm32f405xx.o(.text)
    FPU_IRQHandler                           0x08000273   Thumb Code     0  startup_stm32f405xx.o(.text)
    HASH_RNG_IRQHandler                      0x08000273   Thumb Code     0  startup_stm32f405xx.o(.text)
    I2C1_ER_IRQHandler                       0x08000273   Thumb Code     0  startup_stm32f405xx.o(.text)
    I2C1_EV_IRQHandler                       0x08000273   Thumb Code     0  startup_stm32f405xx.o(.text)
    I2C2_ER_IRQHandler                       0x08000273   Thumb Code     0  startup_stm32f405xx.o(.text)
    I2C2_EV_IRQHandler                       0x08000273   Thumb Code     0  startup_stm32f405xx.o(.text)
    I2C3_ER_IRQHandler                       0x08000273   Thumb Code     0  startup_stm32f405xx.o(.text)
    I2C3_EV_IRQHandler                       0x08000273   Thumb Code     0  startup_stm32f405xx.o(.text)
    OTG_FS_IRQHandler                        0x08000273   Thumb Code     0  startup_stm32f405xx.o(.text)
    OTG_FS_WKUP_IRQHandler                   0x08000273   Thumb Code     0  startup_stm32f405xx.o(.text)
    OTG_HS_EP1_IN_IRQHandler                 0x08000273   Thumb Code     0  startup_stm32f405xx.o(.text)
    OTG_HS_EP1_OUT_IRQHandler                0x08000273   Thumb Code     0  startup_stm32f405xx.o(.text)
    OTG_HS_IRQHandler                        0x08000273   Thumb Code     0  startup_stm32f405xx.o(.text)
    OTG_HS_WKUP_IRQHandler                   0x08000273   Thumb Code     0  startup_stm32f405xx.o(.text)
    PVD_IRQHandler                           0x08000273   Thumb Code     0  startup_stm32f405xx.o(.text)
    RCC_IRQHandler                           0x08000273   Thumb Code     0  startup_stm32f405xx.o(.text)
    RTC_Alarm_IRQHandler                     0x08000273   Thumb Code     0  startup_stm32f405xx.o(.text)
    RTC_WKUP_IRQHandler                      0x08000273   Thumb Code     0  startup_stm32f405xx.o(.text)
    SDIO_IRQHandler                          0x08000273   Thumb Code     0  startup_stm32f405xx.o(.text)
    SPI1_IRQHandler                          0x08000273   Thumb Code     0  startup_stm32f405xx.o(.text)
    SPI2_IRQHandler                          0x08000273   Thumb Code     0  startup_stm32f405xx.o(.text)
    SPI3_IRQHandler                          0x08000273   Thumb Code     0  startup_stm32f405xx.o(.text)
    TAMP_STAMP_IRQHandler                    0x08000273   Thumb Code     0  startup_stm32f405xx.o(.text)
    TIM1_BRK_TIM9_IRQHandler                 0x08000273   Thumb Code     0  startup_stm32f405xx.o(.text)
    TIM1_CC_IRQHandler                       0x08000273   Thumb Code     0  startup_stm32f405xx.o(.text)
    TIM1_TRG_COM_TIM11_IRQHandler            0x08000273   Thumb Code     0  startup_stm32f405xx.o(.text)
    TIM1_UP_TIM10_IRQHandler                 0x08000273   Thumb Code     0  startup_stm32f405xx.o(.text)
    TIM2_IRQHandler                          0x08000273   Thumb Code     0  startup_stm32f405xx.o(.text)
    TIM3_IRQHandler                          0x08000273   Thumb Code     0  startup_stm32f405xx.o(.text)
    TIM4_IRQHandler                          0x08000273   Thumb Code     0  startup_stm32f405xx.o(.text)
    TIM5_IRQHandler                          0x08000273   Thumb Code     0  startup_stm32f405xx.o(.text)
    TIM7_IRQHandler                          0x08000273   Thumb Code     0  startup_stm32f405xx.o(.text)
    TIM8_BRK_TIM12_IRQHandler                0x08000273   Thumb Code     0  startup_stm32f405xx.o(.text)
    TIM8_CC_IRQHandler                       0x08000273   Thumb Code     0  startup_stm32f405xx.o(.text)
    TIM8_TRG_COM_TIM14_IRQHandler            0x08000273   Thumb Code     0  startup_stm32f405xx.o(.text)
    TIM8_UP_TIM13_IRQHandler                 0x08000273   Thumb Code     0  startup_stm32f405xx.o(.text)
    UART5_IRQHandler                         0x08000273   Thumb Code     0  startup_stm32f405xx.o(.text)
    WWDG_IRQHandler                          0x08000273   Thumb Code     0  startup_stm32f405xx.o(.text)
    __aeabi_memcpy                           0x0800027d   Thumb Code    36  memcpya.o(.text)
    __aeabi_memcpy4                          0x0800027d   Thumb Code     0  memcpya.o(.text)
    __aeabi_memcpy8                          0x0800027d   Thumb Code     0  memcpya.o(.text)
    __aeabi_memset                           0x080002a1   Thumb Code    14  memseta.o(.text)
    __aeabi_memset4                          0x080002a1   Thumb Code     0  memseta.o(.text)
    __aeabi_memset8                          0x080002a1   Thumb Code     0  memseta.o(.text)
    __aeabi_memclr                           0x080002af   Thumb Code     4  memseta.o(.text)
    __aeabi_memclr4                          0x080002af   Thumb Code     0  memseta.o(.text)
    __aeabi_memclr8                          0x080002af   Thumb Code     0  memseta.o(.text)
    _memset$wrapper                          0x080002b3   Thumb Code    18  memseta.o(.text)
    strlen                                   0x080002c5   Thumb Code    14  strlen.o(.text)
    __aeabi_dadd                             0x080002d3   Thumb Code   322  dadd.o(.text)
    __aeabi_dsub                             0x08000415   Thumb Code     6  dadd.o(.text)
    __aeabi_drsub                            0x0800041b   Thumb Code     6  dadd.o(.text)
    __aeabi_dmul                             0x08000421   Thumb Code   228  dmul.o(.text)
    __aeabi_ddiv                             0x08000505   Thumb Code   222  ddiv.o(.text)
    __aeabi_i2d                              0x080005e3   Thumb Code    34  dflti.o(.text)
    __aeabi_ui2d                             0x08000605   Thumb Code    26  dfltui.o(.text)
    __aeabi_f2d                              0x0800061f   Thumb Code    38  f2d.o(.text)
    __aeabi_cdcmpeq                          0x08000645   Thumb Code     0  cdcmple.o(.text)
    __aeabi_cdcmple                          0x08000645   Thumb Code    48  cdcmple.o(.text)
    __aeabi_cdrcmple                         0x08000675   Thumb Code    48  cdrcmple.o(.text)
    __aeabi_d2f                              0x080006a5   Thumb Code    56  d2f.o(.text)
    __aeabi_uidiv                            0x080006dd   Thumb Code     0  uidiv.o(.text)
    __aeabi_uidivmod                         0x080006dd   Thumb Code    44  uidiv.o(.text)
    __aeabi_llsl                             0x08000709   Thumb Code    30  llshl.o(.text)
    _ll_shift_l                              0x08000709   Thumb Code     0  llshl.o(.text)
    __aeabi_lasr                             0x08000727   Thumb Code    36  llsshr.o(.text)
    _ll_sshift_r                             0x08000727   Thumb Code     0  llsshr.o(.text)
    __I$use$fp                               0x0800074b   Thumb Code     0  iusefp.o(.text)
    _float_round                             0x0800074b   Thumb Code    18  fepilogue.o(.text)
    _float_epilogue                          0x0800075d   Thumb Code    92  fepilogue.o(.text)
    _double_round                            0x080007b9   Thumb Code    30  depilogue.o(.text)
    _double_epilogue                         0x080007d7   Thumb Code   156  depilogue.o(.text)
    __scatterload                            0x08000875   Thumb Code    28  init.o(.text)
    __scatterload_rt2                        0x08000875   Thumb Code     0  init.o(.text)
    __aeabi_llsr                             0x08000899   Thumb Code    32  llushr.o(.text)
    _ll_ushift_r                             0x08000899   Thumb Code     0  llushr.o(.text)
    AddDeadZone                              0x080008b9   Thumb Code    24  bsp_motor.o(i.AddDeadZone)
    BusFault_Handler                         0x080008d1   Thumb Code     4  stm32f4xx_it.o(i.BusFault_Handler)
    CAN1_RX0_IRQHandler                      0x080008d5   Thumb Code    10  stm32f4xx_it.o(i.CAN1_RX0_IRQHandler)
    CAN2_RX0_IRQHandler                      0x080008e5   Thumb Code    10  stm32f4xx_it.o(i.CAN2_RX0_IRQHandler)
    CAN_Send_Message                         0x08000a9d   Thumb Code    68  bsp_can.o(i.CAN_Send_Message)
    Camera_UART_Receive_Buff                 0x08000b55   Thumb Code    68  camera.o(i.Camera_UART_Receive_Buff)
    Can_Inite                                0x08000b9d   Thumb Code    84  bsp_can.o(i.Can_Inite)
    Can_Sent_msgToQue                        0x08000c21   Thumb Code    84  bsp_can.o(i.Can_Sent_msgToQue)
    DBUS_CheckButtonState                    0x08000c81   Thumb Code    36  remote.o(i.DBUS_CheckButtonState)
    DMA1_Stream1_IRQHandler                  0x08000ca5   Thumb Code    10  stm32f4xx_it.o(i.DMA1_Stream1_IRQHandler)
    DMA1_Stream2_IRQHandler                  0x08000cb5   Thumb Code    10  stm32f4xx_it.o(i.DMA1_Stream2_IRQHandler)
    DMA1_Stream3_IRQHandler                  0x08000cc5   Thumb Code    10  stm32f4xx_it.o(i.DMA1_Stream3_IRQHandler)
    DMA1_Stream4_IRQHandler                  0x08000cd5   Thumb Code    10  stm32f4xx_it.o(i.DMA1_Stream4_IRQHandler)
    DMA1_Stream5_IRQHandler                  0x08000ce5   Thumb Code    10  stm32f4xx_it.o(i.DMA1_Stream5_IRQHandler)
    DMA1_Stream6_IRQHandler                  0x08000cf5   Thumb Code    10  stm32f4xx_it.o(i.DMA1_Stream6_IRQHandler)
    DMA2_Stream1_IRQHandler                  0x08000d05   Thumb Code    10  stm32f4xx_it.o(i.DMA2_Stream1_IRQHandler)
    DMA2_Stream2_IRQHandler                  0x08000d15   Thumb Code    10  stm32f4xx_it.o(i.DMA2_Stream2_IRQHandler)
    DMA2_Stream6_IRQHandler                  0x08000d25   Thumb Code    10  stm32f4xx_it.o(i.DMA2_Stream6_IRQHandler)
    DMA2_Stream7_IRQHandler                  0x08000d35   Thumb Code    10  stm32f4xx_it.o(i.DMA2_Stream7_IRQHandler)
    DebugMon_Handler                         0x08000e5f   Thumb Code     2  stm32f4xx_it.o(i.DebugMon_Handler)
    Error_Handler                            0x08000e61   Thumb Code     4  main.o(i.Error_Handler)
    GetCheckDate                             0x08000e65   Thumb Code    36  laserrangefinder.o(i.GetCheckDate)
    GetMotorState                            0x08000e89   Thumb Code   452  bsp_motor.o(i.GetMotorState)
    GetRemoteCtrMsg                          0x08001079   Thumb Code   216  remote.o(i.GetRemoteCtrMsg)
    GetSystemTime                            0x08001155   Thumb Code     6  bsp_uart.o(i.GetSystemTime)
    GetSystemTimer                           0x08001161   Thumb Code    76  systemstate.o(i.GetSystemTimer)
    GetTaskPeriod                            0x080011b9   Thumb Code    74  systemstate.o(i.GetTaskPeriod)
    HAL_CAN_ConfigFilter                     0x08001215   Thumb Code   294  stm32f4xx_hal_can.o(i.HAL_CAN_ConfigFilter)
    HAL_CAN_ErrorCallback                    0x08001341   Thumb Code     2  stm32f4xx_hal_can.o(i.HAL_CAN_ErrorCallback)
    HAL_CAN_IRQHandler                       0x08001345   Thumb Code   446  stm32f4xx_hal_can.o(i.HAL_CAN_IRQHandler)
    HAL_CAN_Init                             0x08001511   Thumb Code   448  stm32f4xx_hal_can.o(i.HAL_CAN_Init)
    HAL_CAN_MspInit                          0x080016d1   Thumb Code   264  can.o(i.HAL_CAN_MspInit)
    HAL_CAN_Receive_IT                       0x080017f9   Thumb Code   174  stm32f4xx_hal_can.o(i.HAL_CAN_Receive_IT)
    HAL_CAN_RxCpltCallback                   0x080018a9   Thumb Code   394  bsp_can.o(i.HAL_CAN_RxCpltCallback)
    HAL_CAN_Transmit                         0x08001a6d   Thumb Code   594  stm32f4xx_hal_can.o(i.HAL_CAN_Transmit)
    HAL_CAN_TxCpltCallback                   0x08001ccd   Thumb Code     2  stm32f4xx_hal_can.o(i.HAL_CAN_TxCpltCallback)
    HAL_DMA_Abort                            0x08001ccf   Thumb Code   170  stm32f4xx_hal_dma.o(i.HAL_DMA_Abort)
    HAL_DMA_Abort_IT                         0x08001d79   Thumb Code    40  stm32f4xx_hal_dma.o(i.HAL_DMA_Abort_IT)
    HAL_DMA_IRQHandler                       0x08001da1   Thumb Code   574  stm32f4xx_hal_dma.o(i.HAL_DMA_IRQHandler)
    HAL_DMA_Init                             0x08001fe9   Thumb Code   228  stm32f4xx_hal_dma.o(i.HAL_DMA_Init)
    HAL_DMA_Start_IT                         0x080020d1   Thumb Code   158  stm32f4xx_hal_dma.o(i.HAL_DMA_Start_IT)
    HAL_GPIO_Init                            0x08002171   Thumb Code   466  stm32f4xx_hal_gpio.o(i.HAL_GPIO_Init)
    HAL_GPIO_WritePin                        0x08002371   Thumb Code    12  stm32f4xx_hal_gpio.o(i.HAL_GPIO_WritePin)
    HAL_GetTick                              0x0800237d   Thumb Code     6  stm32f4xx_hal.o(i.HAL_GetTick)
    HAL_IWDG_Init                            0x08002389   Thumb Code    80  stm32f4xx_hal_iwdg.o(i.HAL_IWDG_Init)
    HAL_IncTick                              0x080023d9   Thumb Code    12  stm32f4xx_hal.o(i.HAL_IncTick)
    HAL_Init                                 0x080023e9   Thumb Code    54  stm32f4xx_hal.o(i.HAL_Init)
    HAL_InitTick                             0x08002425   Thumb Code    36  stm32f4xx_hal.o(i.HAL_InitTick)
    HAL_MspInit                              0x0800244d   Thumb Code    86  stm32f4xx_hal_msp.o(i.HAL_MspInit)
    HAL_NVIC_EnableIRQ                       0x080024a3   Thumb Code    26  stm32f4xx_hal_cortex.o(i.HAL_NVIC_EnableIRQ)
    HAL_NVIC_SetPriority                     0x080024bd   Thumb Code   124  stm32f4xx_hal_cortex.o(i.HAL_NVIC_SetPriority)
    HAL_NVIC_SetPriorityGrouping             0x08002539   Thumb Code    32  stm32f4xx_hal_cortex.o(i.HAL_NVIC_SetPriorityGrouping)
    HAL_RCC_ClockConfig                      0x08002561   Thumb Code   446  stm32f4xx_hal_rcc.o(i.HAL_RCC_ClockConfig)
    HAL_RCC_GetHCLKFreq                      0x08002731   Thumb Code     6  stm32f4xx_hal_rcc.o(i.HAL_RCC_GetHCLKFreq)
    HAL_RCC_GetPCLK1Freq                     0x0800273d   Thumb Code    36  stm32f4xx_hal_rcc.o(i.HAL_RCC_GetPCLK1Freq)
    HAL_RCC_GetPCLK2Freq                     0x08002769   Thumb Code    36  stm32f4xx_hal_rcc.o(i.HAL_RCC_GetPCLK2Freq)
    HAL_RCC_GetSysClockFreq                  0x08002795   Thumb Code   168  stm32f4xx_hal_rcc.o(i.HAL_RCC_GetSysClockFreq)
    HAL_RCC_OscConfig                        0x08002849   Thumb Code   906  stm32f4xx_hal_rcc.o(i.HAL_RCC_OscConfig)
    HAL_SYSTICK_CLKSourceConfig              0x08002be5   Thumb Code    40  stm32f4xx_hal_cortex.o(i.HAL_SYSTICK_CLKSourceConfig)
    HAL_SYSTICK_Config                       0x08002c0d   Thumb Code    52  stm32f4xx_hal_cortex.o(i.HAL_SYSTICK_Config)
    HAL_TIMEx_BreakCallback                  0x08002c41   Thumb Code     2  stm32f4xx_hal_tim_ex.o(i.HAL_TIMEx_BreakCallback)
    HAL_TIMEx_CommutationCallback            0x08002c43   Thumb Code     2  stm32f4xx_hal_tim_ex.o(i.HAL_TIMEx_CommutationCallback)
    HAL_TIMEx_MasterConfigSynchronization    0x08002c45   Thumb Code    98  stm32f4xx_hal_tim_ex.o(i.HAL_TIMEx_MasterConfigSynchronization)
    HAL_TIM_Base_Init                        0x08002ca7   Thumb Code    52  stm32f4xx_hal_tim.o(i.HAL_TIM_Base_Init)
    HAL_TIM_Base_MspInit                     0x08002cdd   Thumb Code    62  tim.o(i.HAL_TIM_Base_MspInit)
    HAL_TIM_Base_Start_IT                    0x08002d25   Thumb Code    30  stm32f4xx_hal_tim.o(i.HAL_TIM_Base_Start_IT)
    HAL_TIM_IC_CaptureCallback               0x08002d43   Thumb Code     2  stm32f4xx_hal_tim.o(i.HAL_TIM_IC_CaptureCallback)
    HAL_TIM_IRQHandler                       0x08002d45   Thumb Code   406  stm32f4xx_hal_tim.o(i.HAL_TIM_IRQHandler)
    HAL_TIM_MspPostInit                      0x08002edd   Thumb Code    46  tim.o(i.HAL_TIM_MspPostInit)
    HAL_TIM_OC_DelayElapsedCallback          0x08002f15   Thumb Code     2  stm32f4xx_hal_tim.o(i.HAL_TIM_OC_DelayElapsedCallback)
    HAL_TIM_PWM_ConfigChannel                0x08002f17   Thumb Code   264  stm32f4xx_hal_tim.o(i.HAL_TIM_PWM_ConfigChannel)
    HAL_TIM_PWM_Init                         0x0800301f   Thumb Code    52  stm32f4xx_hal_tim.o(i.HAL_TIM_PWM_Init)
    HAL_TIM_PWM_MspInit                      0x08003055   Thumb Code    44  tim.o(i.HAL_TIM_PWM_MspInit)
    HAL_TIM_PWM_PulseFinishedCallback        0x08003089   Thumb Code     2  stm32f4xx_hal_tim.o(i.HAL_TIM_PWM_PulseFinishedCallback)
    HAL_TIM_PeriodElapsedCallback            0x0800308d   Thumb Code    30  systemstate.o(i.HAL_TIM_PeriodElapsedCallback)
    HAL_TIM_TriggerCallback                  0x080030b1   Thumb Code     2  stm32f4xx_hal_tim.o(i.HAL_TIM_TriggerCallback)
    HAL_UART_DMAStop                         0x080030b3   Thumb Code   102  stm32f4xx_hal_uart.o(i.HAL_UART_DMAStop)
    HAL_UART_ErrorCallback                   0x08003119   Thumb Code     2  stm32f4xx_hal_uart.o(i.HAL_UART_ErrorCallback)
    HAL_UART_IRQHandler                      0x0800311d   Thumb Code   322  stm32f4xx_hal_uart.o(i.HAL_UART_IRQHandler)
    HAL_UART_Init                            0x08003265   Thumb Code   114  stm32f4xx_hal_uart.o(i.HAL_UART_Init)
    HAL_UART_MspInit                         0x080032d9   Thumb Code  1138  usart.o(i.HAL_UART_MspInit)
    HAL_UART_Receive_DMA                     0x08003751   Thumb Code   154  stm32f4xx_hal_uart.o(i.HAL_UART_Receive_DMA)
    HAL_UART_RxCpltCallback                  0x080037f9   Thumb Code     2  stm32f4xx_hal_uart.o(i.HAL_UART_RxCpltCallback)
    HAL_UART_RxHalfCpltCallback              0x080037fb   Thumb Code     2  stm32f4xx_hal_uart.o(i.HAL_UART_RxHalfCpltCallback)
    HAL_UART_Transmit                        0x080037fd   Thumb Code   214  stm32f4xx_hal_uart.o(i.HAL_UART_Transmit)
    HAL_UART_Transmit_DMA                    0x080038d5   Thumb Code   142  stm32f4xx_hal_uart.o(i.HAL_UART_Transmit_DMA)
    HAL_UART_TxCpltCallback                  0x08003971   Thumb Code    98  bsp_uart.o(i.HAL_UART_TxCpltCallback)
    HAL_UART_TxHalfCpltCallback              0x080039fd   Thumb Code     2  stm32f4xx_hal_uart.o(i.HAL_UART_TxHalfCpltCallback)
    HardFault_Handler                        0x080039ff   Thumb Code     4  stm32f4xx_it.o(i.HardFault_Handler)
    ISO14443ACheckCRCA                       0x08003a03   Thumb Code    78  camera.o(i.ISO14443ACheckCRCA)
    IsPositive                               0x08003a51   Thumb Code    20  mycom.o(i.IsPositive)
    IsStrInc                                 0x08003a65   Thumb Code    88  mycom.o(i.IsStrInc)
    KeyBoardCtr                              0x08003abd   Thumb Code  2548  task.o(i.KeyBoardCtr)
    LRFGetDist                               0x080044dd   Thumb Code    34  laserrangefinder.o(i.LRFGetDist)
    LRF_Analy                                0x08004501   Thumb Code   192  laserrangefinder.o(i.LRF_Analy)
    LRF_UARTSENT                             0x08004601   Thumb Code    16  bsp_uart.o(i.LRF_UARTSENT)
    LaserRFInite                             0x08004615   Thumb Code    38  laserrangefinder.o(i.LaserRFInite)
    LiftMotor_EN_ALLSET                      0x08004651   Thumb Code    26  bsp_motor.o(i.LiftMotor_EN_ALLSET)
    MX_CAN1_Init                             0x08004685   Thumb Code    58  can.o(i.MX_CAN1_Init)
    MX_CAN2_Init                             0x080046c9   Thumb Code    58  can.o(i.MX_CAN2_Init)
    MX_DMA_Init                              0x0800470d   Thumb Code   226  dma.o(i.MX_DMA_Init)
    MX_FREERTOS_Init                         0x080047f5   Thumb Code    30  freertos.o(i.MX_FREERTOS_Init)
    MX_GPIO_Init                             0x0800481d   Thumb Code   282  gpio.o(i.MX_GPIO_Init)
    MX_IWDG_Init                             0x0800494d   Thumb Code    32  iwdg.o(i.MX_IWDG_Init)
    MX_TIM4_Init                             0x08004975   Thumb Code   118  tim.o(i.MX_TIM4_Init)
    MX_TIM6_Init                             0x080049f5   Thumb Code    56  tim.o(i.MX_TIM6_Init)
    MX_UART4_Init                            0x08004a35   Thumb Code    46  usart.o(i.MX_UART4_Init)
    MX_USART1_UART_Init                      0x08004a6d   Thumb Code    46  usart.o(i.MX_USART1_UART_Init)
    MX_USART2_UART_Init                      0x08004aa5   Thumb Code    44  usart.o(i.MX_USART2_UART_Init)
    MX_USART3_UART_Init                      0x08004add   Thumb Code    46  usart.o(i.MX_USART3_UART_Init)
    MX_USART6_UART_Init                      0x08004b15   Thumb Code    46  usart.o(i.MX_USART6_UART_Init)
    MemManage_Handler                        0x08004b4d   Thumb Code     4  stm32f4xx_it.o(i.MemManage_Handler)
    MesureTimePeriod                         0x08004b51   Thumb Code    76  systemstate.o(i.MesureTimePeriod)
    MotorProtect                             0x08004ba5   Thumb Code   126  bsp_motor.o(i.MotorProtect)
    MotorStall_Check                         0x08004c39   Thumb Code   340  systemstate.o(i.MotorStall_Check)
    Motor_Inite_ALL                          0x08004da1   Thumb Code   108  bsp_motor.o(i.Motor_Inite_ALL)
    Motor_Inite_All_Chassis                  0x08004e51   Thumb Code   242  bsp_motor.o(i.Motor_Inite_All_Chassis)
    Motor_Inite_All_up_dowm                  0x08004f61   Thumb Code   244  bsp_motor.o(i.Motor_Inite_All_up_dowm)
    Motor_Zero                               0x08005071   Thumb Code    10  bsp_motor.o(i.Motor_Zero)
    Motor_control_UD                         0x08005081   Thumb Code   178  bsp_motor.o(i.Motor_control_UD)
    MoveMotor_EN_ALLSET                      0x08005139   Thumb Code    18  bsp_motor.o(i.MoveMotor_EN_ALLSET)
    My_CAN1_FilterConfig                     0x0800515d   Thumb Code    62  bsp_can.o(i.My_CAN1_FilterConfig)
    My_CAN2_FilterConfig                     0x080051a5   Thumb Code    64  bsp_can.o(i.My_CAN2_FilterConfig)
    My_abs                                   0x080051ed   Thumb Code    26  mycom.o(i.My_abs)
    My_print                                 0x08005209   Thumb Code    20  bsp_uart.o(i.My_print)
    NMI_Handler                              0x08005221   Thumb Code     2  stm32f4xx_it.o(i.NMI_Handler)
    OutLine_Check                            0x0800525d   Thumb Code   210  systemstate.o(i.OutLine_Check)
    PID_Control_normal                       0x08005345   Thumb Code   366  bsp_pid.o(i.PID_Control_normal)
    RefreshDeviceOutLineTime                 0x080054b5   Thumb Code    20  systemstate.o(i.RefreshDeviceOutLineTime)
    SentControlData                          0x080054cd   Thumb Code   406  bsp_motor.o(i.SentControlData)
    SetLimitAndTransToMotor                  0x08005695   Thumb Code   606  task.o(i.SetLimitAndTransToMotor)
    SpeedDistribute                          0x08005931   Thumb Code   222  bsp_motor.o(i.SpeedDistribute)
    StartDefaultTask                         0x08005a2d   Thumb Code    10  freertos.o(i.StartDefaultTask)
    StartTOMeasure                           0x08005a39   Thumb Code    26  laserrangefinder.o(i.StartTOMeasure)
    StopMeasure                              0x08005a61   Thumb Code    28  laserrangefinder.o(i.StopMeasure)
    SysTick_Handler                          0x08005a89   Thumb Code    12  stm32f4xx_it.o(i.SysTick_Handler)
    SystemClock_Config                       0x08005a95   Thumb Code   192  main.o(i.SystemClock_Config)
    SystemInit                               0x08005b5d   Thumb Code    82  system_stm32f4xx.o(i.SystemInit)
    SystemState_Inite                        0x08005bc1   Thumb Code    66  systemstate.o(i.SystemState_Inite)
    TIM6_DAC_IRQHandler                      0x08005c25   Thumb Code    10  stm32f4xx_it.o(i.TIM6_DAC_IRQHandler)
    TIM_Base_SetConfig                       0x08005c35   Thumb Code   184  stm32f4xx_hal_tim.o(i.TIM_Base_SetConfig)
    TIM_OC2_SetConfig                        0x08005d89   Thumb Code   112  stm32f4xx_hal_tim.o(i.TIM_OC2_SetConfig)
    UART4_IRQHandler                         0x08005ed9   Thumb Code    16  stm32f4xx_it.o(i.UART4_IRQHandler)
    UARTAnalys                               0x08005eed   Thumb Code   170  task.o(i.UARTAnalys)
    UART_Inite                               0x08006129   Thumb Code   650  bsp_uart.o(i.UART_Inite)
    UART_SendToQueue                         0x0800657d   Thumb Code   140  bsp_uart.o(i.UART_SendToQueue)
    USART1_IRQHandler                        0x08006a6d   Thumb Code    16  stm32f4xx_it.o(i.USART1_IRQHandler)
    USART2_IRQHandler                        0x08006a81   Thumb Code    16  stm32f4xx_it.o(i.USART2_IRQHandler)
    USART3_IRQHandler                        0x08006a95   Thumb Code    16  stm32f4xx_it.o(i.USART3_IRQHandler)
    USART6_IRQHandler                        0x08006aa9   Thumb Code    16  stm32f4xx_it.o(i.USART6_IRQHandler)
    UsageFault_Handler                       0x08006abd   Thumb Code     4  stm32f4xx_it.o(i.UsageFault_Handler)
    Usart2SendData_DMA                       0x08006ac1   Thumb Code    34  bsp_uart.o(i.Usart2SendData_DMA)
    Usart3SendData_DMA                       0x08006aed   Thumb Code    34  bsp_uart.o(i.Usart3SendData_DMA)
    Usart4SendData_DMA                       0x08006b19   Thumb Code    34  bsp_uart.o(i.Usart4SendData_DMA)
    Usart6SendData_DMA                       0x08006b45   Thumb Code    34  bsp_uart.o(i.Usart6SendData_DMA)
    UsartReceive_IDLE                        0x08006b71   Thumb Code   520  bsp_uart.o(i.UsartReceive_IDLE)
    UsartSendData_DMA                        0x08006db5   Thumb Code    34  bsp_uart.o(i.UsartSendData_DMA)
    __0printf$1                              0x08006de1   Thumb Code    22  printf1.o(i.__0printf$1)
    __1printf$1                              0x08006de1   Thumb Code     0  printf1.o(i.__0printf$1)
    __2printf                                0x08006de1   Thumb Code     0  printf1.o(i.__0printf$1)
    __0sprintf$1                             0x08006e01   Thumb Code    34  printf1.o(i.__0sprintf$1)
    __1sprintf$1                             0x08006e01   Thumb Code     0  printf1.o(i.__0sprintf$1)
    __2sprintf                               0x08006e01   Thumb Code     0  printf1.o(i.__0sprintf$1)
    __ARM_fpclassifyf                        0x08006e29   Thumb Code    38  fpclassifyf.o(i.__ARM_fpclassifyf)
    __hardfp_powf                            0x08006e51   Thumb Code  1518  powf.o(i.__hardfp_powf)
    __mathlib_powf                           0x08006e51   Thumb Code     0  powf.o(i.__hardfp_powf)
    __mathlib_flt_divzero                    0x0800745d   Thumb Code    14  funder.o(i.__mathlib_flt_divzero)
    __mathlib_flt_infnan2                    0x08007471   Thumb Code     6  funder.o(i.__mathlib_flt_infnan2)
    __mathlib_flt_invalid                    0x08007479   Thumb Code    10  funder.o(i.__mathlib_flt_invalid)
    __mathlib_flt_overflow                   0x08007489   Thumb Code    10  funder.o(i.__mathlib_flt_overflow)
    __mathlib_flt_underflow                  0x08007499   Thumb Code    10  funder.o(i.__mathlib_flt_underflow)
    __scatterload_copy                       0x080074a9   Thumb Code    14  handlers.o(i.__scatterload_copy)
    __scatterload_null                       0x080074b7   Thumb Code     2  handlers.o(i.__scatterload_null)
    __scatterload_zeroinit                   0x080074b9   Thumb Code    14  handlers.o(i.__scatterload_zeroinit)
    __set_errno                              0x080074c9   Thumb Code     6  errno.o(i.__set_errno)
    configureTimerForRunTimeStats            0x08007633   Thumb Code     2  freertos.o(i.configureTimerForRunTimeStats)
    fputc                                    0x08007635   Thumb Code    22  bsp_uart.o(i.fputc)
    getRunTimeCounterValue                   0x08007651   Thumb Code     4  freertos.o(i.getRunTimeCounterValue)
    main                                     0x08007655   Thumb Code   308  main.o(i.main)
    osDelay                                  0x0800782f   Thumb Code    24  cmsis_os.o(i.osDelay)
    osKernelStart                            0x08007847   Thumb Code    10  cmsis_os.o(i.osKernelStart)
    osSystickHandler                         0x08007851   Thumb Code    16  cmsis_os.o(i.osSystickHandler)
    osThreadCreate                           0x08007861   Thumb Code    58  cmsis_os.o(i.osThreadCreate)
    pvPortMalloc                             0x08007d59   Thumb Code   296  heap_4.o(i.pvPortMalloc)
    pvTaskIncrementMutexHeldCount            0x08007e95   Thumb Code    26  tasks.o(i.pvTaskIncrementMutexHeldCount)
    pxPortInitialiseStack                    0x08007eb5   Thumb Code    34  port.o(i.pxPortInitialiseStack)
    str2f                                    0x08007edd   Thumb Code   172  mycom.o(i.str2f)
    uxListRemove                             0x08007f8d   Thumb Code    40  list.o(i.uxListRemove)
    vBEEP_Task                               0x08007fb5   Thumb Code   116  task.o(i.vBEEP_Task)
    vCanSent_Task                            0x08008031   Thumb Code    54  bsp_can.o(i.vCanSent_Task)
    vFEEDDOG_Task                            0x08008071   Thumb Code    86  task.o(i.vFEEDDOG_Task)
    vLED2_Task                               0x080080d5   Thumb Code    76  task.o(i.vLED2_Task)
    vLED_Task                                0x08008129   Thumb Code    80  task.o(i.vLED_Task)
    vListInitialise                          0x08008181   Thumb Code    26  list.o(i.vListInitialise)
    vListInitialiseItem                      0x0800819b   Thumb Code     6  list.o(i.vListInitialiseItem)
    vListInsert                              0x080081a1   Thumb Code    52  list.o(i.vListInsert)
    vListInsertEnd                           0x080081d5   Thumb Code    24  list.o(i.vListInsertEnd)
    vMotorGetZero_Task                       0x080081ed   Thumb Code   396  task.o(i.vMotorGetZero_Task)
    vMotorPIDCtr_Task                        0x080083e9   Thumb Code   138  bsp_motor.o(i.vMotorPIDCtr_Task)
    vOutLineCheck_Task                       0x080084a1   Thumb Code    28  systemstate.o(i.vOutLineCheck_Task)
    vPortEnterCritical                       0x080084bd   Thumb Code    76  port.o(i.vPortEnterCritical)
    vPortExitCritical                        0x08008511   Thumb Code    56  port.o(i.vPortExitCritical)
    vPortFree                                0x0800854d   Thumb Code   140  heap_4.o(i.vPortFree)
    vPortSetupTimerInterrupt                 0x080085e1   Thumb Code    26  port.o(i.vPortSetupTimerInterrupt)
    vPortValidateInterruptPriority           0x08008601   Thumb Code   106  port.o(i.vPortValidateInterruptPriority)
    vRTFInite_Task                           0x08008679   Thumb Code   174  laserrangefinder.o(i.vRTFInite_Task)
    vRobotCtrTask                            0x0800874d   Thumb Code   972  task.o(i.vRobotCtrTask)
    vTaskDelay                               0x08008b4d   Thumb Code   120  tasks.o(i.vTaskDelay)
    vTaskDelayUntil                          0x08008bd9   Thumb Code   230  tasks.o(i.vTaskDelayUntil)
    vTaskDelete                              0x08008cd5   Thumb Code   186  tasks.o(i.vTaskDelete)
    vTaskMissedYield                         0x08008db5   Thumb Code     8  tasks.o(i.vTaskMissedYield)
    vTaskPlaceOnEventList                    0x08008dc1   Thumb Code   108  tasks.o(i.vTaskPlaceOnEventList)
    vTaskPriorityInherit                     0x08008e3d   Thumb Code   164  tasks.o(i.vTaskPriorityInherit)
    vTaskSetTimeOutState                     0x08008eed   Thumb Code    38  tasks.o(i.vTaskSetTimeOutState)
    vTaskStartScheduler                      0x08008f1d   Thumb Code   104  tasks.o(i.vTaskStartScheduler)
    vTaskSuspendAll                          0x08008f9d   Thumb Code    12  tasks.o(i.vTaskSuspendAll)
    vTaskSwitchContext                       0x08008fad   Thumb Code   172  tasks.o(i.vTaskSwitchContext)
    vTask_GetBullet                          0x08009075   Thumb Code   596  task.o(i.vTask_GetBullet)
    vTest_Task                               0x08009305   Thumb Code    20  task.o(i.vTest_Task)
    vUART2Analy_Task                         0x08009319   Thumb Code    46  bsp_uart.o(i.vUART2Analy_Task)
    vUART2Sent_Task                          0x08009351   Thumb Code   162  bsp_uart.o(i.vUART2Sent_Task)
    vUART3Analy_Task                         0x08009405   Thumb Code    46  bsp_uart.o(i.vUART3Analy_Task)
    vUART3Sent_Task                          0x0800943d   Thumb Code   162  bsp_uart.o(i.vUART3Sent_Task)
    vUART4Analy_Task                         0x080094f1   Thumb Code    46  bsp_uart.o(i.vUART4Analy_Task)
    vUART4Sent_Task                          0x08009529   Thumb Code   162  bsp_uart.o(i.vUART4Sent_Task)
    vUART6Analy_Task                         0x080095dd   Thumb Code    46  bsp_uart.o(i.vUART6Analy_Task)
    vUART6Sent_Task                          0x08009615   Thumb Code   162  bsp_uart.o(i.vUART6Sent_Task)
    vUARTAnaly_Task                          0x080096c9   Thumb Code    46  bsp_uart.o(i.vUARTAnaly_Task)
    vUARTSent_Task                           0x08009701   Thumb Code   162  bsp_uart.o(i.vUARTSent_Task)
    xPortGetFreeHeapSize                     0x080097b5   Thumb Code     6  heap_4.o(i.xPortGetFreeHeapSize)
    xPortGetMinimumEverFreeHeapSize          0x080097c1   Thumb Code     6  heap_4.o(i.xPortGetMinimumEverFreeHeapSize)
    xPortStartScheduler                      0x080097cd   Thumb Code   288  port.o(i.xPortStartScheduler)
    xPortSysTickHandler                      0x08009909   Thumb Code    48  port.o(i.xPortSysTickHandler)
    xQueueGenericCreate                      0x0800993d   Thumb Code   134  queue.o(i.xQueueGenericCreate)
    xQueueGenericReceive                     0x080099c5   Thumb Code   424  queue.o(i.xQueueGenericReceive)
    xQueueGenericReset                       0x08009b71   Thumb Code   144  queue.o(i.xQueueGenericReset)
    xQueueGenericSend                        0x08009c05   Thumb Code   412  queue.o(i.xQueueGenericSend)
    xQueueGenericSendFromISR                 0x08009da5   Thumb Code   240  queue.o(i.xQueueGenericSendFromISR)
    xTaskCheckForTimeOut                     0x08009e95   Thumb Code   132  tasks.o(i.xTaskCheckForTimeOut)
    xTaskGenericCreate                       0x08009f21   Thumb Code   340  tasks.o(i.xTaskGenericCreate)
    xTaskGetSchedulerState                   0x0800a091   Thumb Code    24  tasks.o(i.xTaskGetSchedulerState)
    xTaskGetTickCount                        0x0800a0b1   Thumb Code     6  tasks.o(i.xTaskGetTickCount)
    xTaskIncrementTick                       0x0800a0bd   Thumb Code   286  tasks.o(i.xTaskIncrementTick)
    xTaskPriorityDisinherit                  0x0800a209   Thumb Code   188  tasks.o(i.xTaskPriorityDisinherit)
    xTaskRemoveFromEventList                 0x0800a2d1   Thumb Code   128  tasks.o(i.xTaskRemoveFromEventList)
    xTaskResumeAll                           0x0800a369   Thumb Code   224  tasks.o(i.xTaskResumeAll)
    APBAHBPrescTable                         0x0800a46c   Data          16  stm32f4xx_hal_rcc.o(.constdata)
    Region$$Table$$Base                      0x0800a5e4   Number         0  anon$$obj.o(Region$$Table)
    Region$$Table$$Limit                     0x0800a604   Number         0  anon$$obj.o(Region$$Table)
    SystemCoreClock                          0x20000000   Data           4  system_stm32f4xx.o(.data)
    Can_TXData_QueHandle                     0x20000004   Data           4  bsp_can.o(.data)
    CanSentID                                0x20000008   Data           4  bsp_can.o(.data)
    CanRecID                                 0x2000000c   Data           4  bsp_can.o(.data)
    g_CanSent_n                              0x20000010   Data           4  bsp_can.o(.data)
    UART1_TXData_QueHandle                   0x20000014   Data           4  bsp_uart.o(.data)
    UART1_RXData_QueHandle                   0x20000018   Data           4  bsp_uart.o(.data)
    UART2_TXData_QueHandle                   0x2000001c   Data           4  bsp_uart.o(.data)
    UART2_RXData_QueHandle                   0x20000020   Data           4  bsp_uart.o(.data)
    UART3_TXData_QueHandle                   0x20000024   Data           4  bsp_uart.o(.data)
    UART3_RXData_QueHandle                   0x20000028   Data           4  bsp_uart.o(.data)
    UART4_TXData_QueHandle                   0x2000002c   Data           4  bsp_uart.o(.data)
    UART4_RXData_QueHandle                   0x20000030   Data           4  bsp_uart.o(.data)
    UART6_TXData_QueHandle                   0x20000034   Data           4  bsp_uart.o(.data)
    UART6_RXData_QueHandle                   0x20000038   Data           4  bsp_uart.o(.data)
    Motors                                   0x2000003c   Data          40  systemstate.o(.data)
    g_mem_min                                0x20000068   Data           4  task.o(.data)
    g_mem_n                                  0x2000006c   Data           4  task.o(.data)
    BoardKeyCode                             0x20000070   Data           2  task.o(.data)
    BoardKeyCode_Pre                         0x20000072   Data           2  task.o(.data)
    Mouse_L                                  0x20000074   Data           1  task.o(.data)
    Mouse_L_Pre                              0x20000075   Data           1  task.o(.data)
    Mouse_R                                  0x20000076   Data           1  task.o(.data)
    Mouse_R_Pre                              0x20000077   Data           1  task.o(.data)
    g_HeighGetBLoc                           0x20000078   Data           4  task.o(.data)
    g_LowGetBLoc                             0x2000007c   Data           4  task.o(.data)
    g_LaserDist                              0x20000080   Data           4  task.o(.data)
    mid_pose                                 0x200000a4   Data           4  camera.o(.data)
    LaserRF                                  0x200000a8   Data           8  laserrangefinder.o(.data)
    uwTick                                   0x200000b0   Data           4  stm32f4xx_hal.o(.data)
    pxCurrentTCB                             0x200000c0   Data           4  tasks.o(.data)
    defaultTaskHandle                        0x2000011c   Data           4  freertos.o(.data)
    __stdout                                 0x20000120   Data           4  stdout.o(.data)
    Motor1                                   0x200001a8   Data         164  bsp_motor.o(.bss)
    Motor2                                   0x2000024c   Data         164  bsp_motor.o(.bss)
    Motor3                                   0x200002f0   Data         164  bsp_motor.o(.bss)
    Motor4                                   0x20000394   Data         164  bsp_motor.o(.bss)
    MotorA                                   0x20000438   Data         164  bsp_motor.o(.bss)
    MotorB                                   0x200004dc   Data         164  bsp_motor.o(.bss)
    MotorC                                   0x20000580   Data         164  bsp_motor.o(.bss)
    MotorD                                   0x20000624   Data         164  bsp_motor.o(.bss)
    MotorE                                   0x200006c8   Data         164  bsp_motor.o(.bss)
    MotorF                                   0x2000076c   Data         164  bsp_motor.o(.bss)
    UsartType2                               0x20000810   Data         112  bsp_uart.o(.bss)
    UsartType3                               0x20000880   Data         112  bsp_uart.o(.bss)
    UsartType4                               0x200008f0   Data         112  bsp_uart.o(.bss)
    UsartType6                               0x20000960   Data         112  bsp_uart.o(.bss)
    UsartType1                               0x200009d0   Data         212  bsp_uart.o(.bss)
    SystemState                              0x20000aa4   Data          80  systemstate.o(.bss)
    g_TimePer                                0x20000af4   Data         400  systemstate.o(.bss)
    g_Time_MotorStall                        0x20000c84   Data          40  systemstate.o(.bss)
    g_Time_MotorOutLine                      0x20000cac   Data          40  systemstate.o(.bss)
    g_Time_DeviceOutLine                     0x20000cd4   Data          12  systemstate.o(.bss)
    g_Time_TaskPeriod                        0x20000ce0   Data          24  systemstate.o(.bss)
    g_TimePre_Taskstart                      0x20000cf8   Data          24  systemstate.o(.bss)
    RC_Data                                  0x20000d10   Data          24  remote.o(.bss)
    Last_RC_Data                             0x20000d28   Data          24  remote.o(.bss)
    hcan1                                    0x20008504   Data          64  can.o(.bss)
    hcan2                                    0x20008544   Data          64  can.o(.bss)
    htim4                                    0x20008584   Data          60  tim.o(.bss)
    htim6                                    0x200085c0   Data          60  tim.o(.bss)
    huart4                                   0x200085fc   Data          64  usart.o(.bss)
    huart1                                   0x2000863c   Data          64  usart.o(.bss)
    huart2                                   0x2000867c   Data          64  usart.o(.bss)
    huart3                                   0x200086bc   Data          64  usart.o(.bss)
    huart6                                   0x200086fc   Data          64  usart.o(.bss)
    hdma_uart4_rx                            0x2000873c   Data          96  usart.o(.bss)
    hdma_uart4_tx                            0x2000879c   Data          96  usart.o(.bss)
    hdma_usart1_rx                           0x200087fc   Data          96  usart.o(.bss)
    hdma_usart1_tx                           0x2000885c   Data          96  usart.o(.bss)
    hdma_usart2_rx                           0x200088bc   Data          96  usart.o(.bss)
    hdma_usart2_tx                           0x2000891c   Data          96  usart.o(.bss)
    hdma_usart3_rx                           0x2000897c   Data          96  usart.o(.bss)
    hdma_usart3_tx                           0x200089dc   Data          96  usart.o(.bss)
    hdma_usart6_rx                           0x20008a3c   Data          96  usart.o(.bss)
    hdma_usart6_tx                           0x20008a9c   Data          96  usart.o(.bss)
    hiwdg                                    0x20008afc   Data          12  iwdg.o(.bss)
    __initial_sp                             0x20008f08   Data           0  startup_stm32f405xx.o(STACK)



==============================================================================

Memory Map of the image

  Image Entry point : 0x08000189

  Load Region LR_IROM1 (Base: 0x08000000, Size: 0x0000a72c, Max: 0x00100000, ABSOLUTE)

    Execution Region ER_IROM1 (Base: 0x08000000, Size: 0x0000a604, Max: 0x00100000, ABSOLUTE)

    Base Addr    Size         Type   Attr      Idx    E Section Name        Object

    0x08000000   0x00000188   Data   RO         3423    RESET               startup_stm32f405xx.o
    0x08000188   0x00000000   Code   RO         5095  * .ARM.Collect$$$$00000000  mc_w.l(entry.o)
    0x08000188   0x00000004   Code   RO         5401    .ARM.Collect$$$$00000001  mc_w.l(entry2.o)
    0x0800018c   0x00000004   Code   RO         5404    .ARM.Collect$$$$00000004  mc_w.l(entry5.o)
    0x08000190   0x00000000   Code   RO         5406    .ARM.Collect$$$$00000008  mc_w.l(entry7b.o)
    0x08000190   0x00000000   Code   RO         5408    .ARM.Collect$$$$0000000A  mc_w.l(entry8b.o)
    0x08000190   0x00000008   Code   RO         5409    .ARM.Collect$$$$0000000B  mc_w.l(entry9a.o)
    0x08000198   0x00000000   Code   RO         5411    .ARM.Collect$$$$0000000D  mc_w.l(entry10a.o)
    0x08000198   0x00000000   Code   RO         5413    .ARM.Collect$$$$0000000F  mc_w.l(entry11a.o)
    0x08000198   0x00000004   Code   RO         5402    .ARM.Collect$$$$00002712  mc_w.l(entry2.o)
    0x0800019c   0x000000ba   Code   RO         3428    .emb_text           port.o
    0x08000256   0x00000002   PAD
    0x08000258   0x00000024   Code   RO         3424    .text               startup_stm32f405xx.o
    0x0800027c   0x00000024   Code   RO         5098    .text               mc_w.l(memcpya.o)
    0x080002a0   0x00000024   Code   RO         5100    .text               mc_w.l(memseta.o)
    0x080002c4   0x0000000e   Code   RO         5102    .text               mc_w.l(strlen.o)
    0x080002d2   0x0000014e   Code   RO         5367    .text               mf_w.l(dadd.o)
    0x08000420   0x000000e4   Code   RO         5369    .text               mf_w.l(dmul.o)
    0x08000504   0x000000de   Code   RO         5371    .text               mf_w.l(ddiv.o)
    0x080005e2   0x00000022   Code   RO         5373    .text               mf_w.l(dflti.o)
    0x08000604   0x0000001a   Code   RO         5375    .text               mf_w.l(dfltui.o)
    0x0800061e   0x00000026   Code   RO         5377    .text               mf_w.l(f2d.o)
    0x08000644   0x00000030   Code   RO         5379    .text               mf_w.l(cdcmple.o)
    0x08000674   0x00000030   Code   RO         5381    .text               mf_w.l(cdrcmple.o)
    0x080006a4   0x00000038   Code   RO         5383    .text               mf_w.l(d2f.o)
    0x080006dc   0x0000002c   Code   RO         5416    .text               mc_w.l(uidiv.o)
    0x08000708   0x0000001e   Code   RO         5420    .text               mc_w.l(llshl.o)
    0x08000726   0x00000024   Code   RO         5422    .text               mc_w.l(llsshr.o)
    0x0800074a   0x00000000   Code   RO         5431    .text               mc_w.l(iusefp.o)
    0x0800074a   0x0000006e   Code   RO         5432    .text               mf_w.l(fepilogue.o)
    0x080007b8   0x000000ba   Code   RO         5434    .text               mf_w.l(depilogue.o)
    0x08000872   0x00000002   PAD
    0x08000874   0x00000024   Code   RO         5440    .text               mc_w.l(init.o)
    0x08000898   0x00000020   Code   RO         5442    .text               mc_w.l(llushr.o)
    0x080008b8   0x00000018   Code   RO          296    i.AddDeadZone       bsp_motor.o
    0x080008d0   0x00000004   Code   RO         4821    i.BusFault_Handler  stm32f4xx_it.o
    0x080008d4   0x00000010   Code   RO         4822    i.CAN1_RX0_IRQHandler  stm32f4xx_it.o
    0x080008e4   0x00000010   Code   RO         4823    i.CAN2_RX0_IRQHandler  stm32f4xx_it.o
    0x080008f4   0x000001a8   Code   RO         2920    i.CAN_Receive_IT    stm32f4xx_hal_can.o
    0x08000a9c   0x00000044   Code   RO          139    i.CAN_Send_Message  bsp_can.o
    0x08000ae0   0x00000074   Code   RO         2921    i.CAN_Transmit_IT   stm32f4xx_hal_can.o
    0x08000b54   0x00000048   Code   RO          959    i.Camera_UART_Receive_Buff  camera.o
    0x08000b9c   0x00000084   Code   RO          140    i.Can_Inite         bsp_can.o
    0x08000c20   0x00000060   Code   RO          141    i.Can_Sent_msgToQue  bsp_can.o
    0x08000c80   0x00000024   Code   RO          863    i.DBUS_CheckButtonState  remote.o
    0x08000ca4   0x00000010   Code   RO         4824    i.DMA1_Stream1_IRQHandler  stm32f4xx_it.o
    0x08000cb4   0x00000010   Code   RO         4825    i.DMA1_Stream2_IRQHandler  stm32f4xx_it.o
    0x08000cc4   0x00000010   Code   RO         4826    i.DMA1_Stream3_IRQHandler  stm32f4xx_it.o
    0x08000cd4   0x00000010   Code   RO         4827    i.DMA1_Stream4_IRQHandler  stm32f4xx_it.o
    0x08000ce4   0x00000010   Code   RO         4828    i.DMA1_Stream5_IRQHandler  stm32f4xx_it.o
    0x08000cf4   0x00000010   Code   RO         4829    i.DMA1_Stream6_IRQHandler  stm32f4xx_it.o
    0x08000d04   0x00000010   Code   RO         4830    i.DMA2_Stream1_IRQHandler  stm32f4xx_it.o
    0x08000d14   0x00000010   Code   RO         4831    i.DMA2_Stream2_IRQHandler  stm32f4xx_it.o
    0x08000d24   0x00000010   Code   RO         4832    i.DMA2_Stream6_IRQHandler  stm32f4xx_it.o
    0x08000d34   0x00000010   Code   RO         4833    i.DMA2_Stream7_IRQHandler  stm32f4xx_it.o
    0x08000d44   0x00000034   Code   RO         3170    i.DMA_CalcBaseAndBitshift  stm32f4xx_hal_dma.o
    0x08000d78   0x000000ba   Code   RO         3171    i.DMA_CheckFifoParam  stm32f4xx_hal_dma.o
    0x08000e32   0x0000002c   Code   RO         3172    i.DMA_SetConfig     stm32f4xx_hal_dma.o
    0x08000e5e   0x00000002   Code   RO         4834    i.DebugMon_Handler  stm32f4xx_it.o
    0x08000e60   0x00000004   Code   RO         4993    i.Error_Handler     main.o
    0x08000e64   0x00000024   Code   RO          997    i.GetCheckDate      laserrangefinder.o
    0x08000e88   0x000001f0   Code   RO          297    i.GetMotorState     bsp_motor.o
    0x08001078   0x000000dc   Code   RO          867    i.GetRemoteCtrMsg   remote.o
    0x08001154   0x0000000c   Code   RO          456    i.GetSystemTime     bsp_uart.o
    0x08001160   0x00000058   Code   RO          720    i.GetSystemTimer    systemstate.o
    0x080011b8   0x0000005c   Code   RO          650    i.GetTaskPeriod     systemstate.o
    0x08001214   0x0000012c   Code   RO         2922    i.HAL_CAN_ConfigFilter  stm32f4xx_hal_can.o
    0x08001340   0x00000002   Code   RO         2924    i.HAL_CAN_ErrorCallback  stm32f4xx_hal_can.o
    0x08001342   0x00000002   PAD
    0x08001344   0x000001cc   Code   RO         2927    i.HAL_CAN_IRQHandler  stm32f4xx_hal_can.o
    0x08001510   0x000001c0   Code   RO         2928    i.HAL_CAN_Init      stm32f4xx_hal_can.o
    0x080016d0   0x00000128   Code   RO         4546    i.HAL_CAN_MspInit   can.o
    0x080017f8   0x000000ae   Code   RO         2932    i.HAL_CAN_Receive_IT  stm32f4xx_hal_can.o
    0x080018a6   0x00000002   PAD
    0x080018a8   0x000001c4   Code   RO          143    i.HAL_CAN_RxCpltCallback  bsp_can.o
    0x08001a6c   0x00000260   Code   RO         2935    i.HAL_CAN_Transmit  stm32f4xx_hal_can.o
    0x08001ccc   0x00000002   Code   RO         2937    i.HAL_CAN_TxCpltCallback  stm32f4xx_hal_can.o
    0x08001cce   0x000000aa   Code   RO         3173    i.HAL_DMA_Abort     stm32f4xx_hal_dma.o
    0x08001d78   0x00000028   Code   RO         3174    i.HAL_DMA_Abort_IT  stm32f4xx_hal_dma.o
    0x08001da0   0x00000248   Code   RO         3178    i.HAL_DMA_IRQHandler  stm32f4xx_hal_dma.o
    0x08001fe8   0x000000e8   Code   RO         3179    i.HAL_DMA_Init      stm32f4xx_hal_dma.o
    0x080020d0   0x0000009e   Code   RO         3183    i.HAL_DMA_Start_IT  stm32f4xx_hal_dma.o
    0x0800216e   0x00000002   PAD
    0x08002170   0x00000200   Code   RO         1445    i.HAL_GPIO_Init     stm32f4xx_hal_gpio.o
    0x08002370   0x0000000c   Code   RO         1449    i.HAL_GPIO_WritePin  stm32f4xx_hal_gpio.o
    0x0800237c   0x0000000c   Code   RO         1521    i.HAL_GetTick       stm32f4xx_hal.o
    0x08002388   0x00000050   Code   RO         3394    i.HAL_IWDG_Init     stm32f4xx_hal_iwdg.o
    0x080023d8   0x00000010   Code   RO         1522    i.HAL_IncTick       stm32f4xx_hal.o
    0x080023e8   0x0000003c   Code   RO         1523    i.HAL_Init          stm32f4xx_hal.o
    0x08002424   0x00000028   Code   RO         1524    i.HAL_InitTick      stm32f4xx_hal.o
    0x0800244c   0x00000056   Code   RO         4797    i.HAL_MspInit       stm32f4xx_hal_msp.o
    0x080024a2   0x0000001a   Code   RO         1658    i.HAL_NVIC_EnableIRQ  stm32f4xx_hal_cortex.o
    0x080024bc   0x0000007c   Code   RO         1664    i.HAL_NVIC_SetPriority  stm32f4xx_hal_cortex.o
    0x08002538   0x00000028   Code   RO         1665    i.HAL_NVIC_SetPriorityGrouping  stm32f4xx_hal_cortex.o
    0x08002560   0x000001d0   Code   RO         1179    i.HAL_RCC_ClockConfig  stm32f4xx_hal_rcc.o
    0x08002730   0x0000000c   Code   RO         1184    i.HAL_RCC_GetHCLKFreq  stm32f4xx_hal_rcc.o
    0x0800273c   0x0000002c   Code   RO         1186    i.HAL_RCC_GetPCLK1Freq  stm32f4xx_hal_rcc.o
    0x08002768   0x0000002c   Code   RO         1187    i.HAL_RCC_GetPCLK2Freq  stm32f4xx_hal_rcc.o
    0x08002794   0x000000b4   Code   RO         1188    i.HAL_RCC_GetSysClockFreq  stm32f4xx_hal_rcc.o
    0x08002848   0x0000039c   Code   RO         1191    i.HAL_RCC_OscConfig  stm32f4xx_hal_rcc.o
    0x08002be4   0x00000028   Code   RO         1667    i.HAL_SYSTICK_CLKSourceConfig  stm32f4xx_hal_cortex.o
    0x08002c0c   0x00000034   Code   RO         1669    i.HAL_SYSTICK_Config  stm32f4xx_hal_cortex.o
    0x08002c40   0x00000002   Code   RO         2424    i.HAL_TIMEx_BreakCallback  stm32f4xx_hal_tim_ex.o
    0x08002c42   0x00000002   Code   RO         2425    i.HAL_TIMEx_CommutationCallback  stm32f4xx_hal_tim_ex.o
    0x08002c44   0x00000062   Code   RO         2441    i.HAL_TIMEx_MasterConfigSynchronization  stm32f4xx_hal_tim_ex.o
    0x08002ca6   0x00000034   Code   RO         1785    i.HAL_TIM_Base_Init  stm32f4xx_hal_tim.o
    0x08002cda   0x00000002   PAD
    0x08002cdc   0x00000048   Code   RO         4599    i.HAL_TIM_Base_MspInit  tim.o
    0x08002d24   0x0000001e   Code   RO         1790    i.HAL_TIM_Base_Start_IT  stm32f4xx_hal_tim.o
    0x08002d42   0x00000002   Code   RO         1814    i.HAL_TIM_IC_CaptureCallback  stm32f4xx_hal_tim.o
    0x08002d44   0x00000196   Code   RO         1827    i.HAL_TIM_IRQHandler  stm32f4xx_hal_tim.o
    0x08002eda   0x00000002   PAD
    0x08002edc   0x00000038   Code   RO         4600    i.HAL_TIM_MspPostInit  tim.o
    0x08002f14   0x00000002   Code   RO         1830    i.HAL_TIM_OC_DelayElapsedCallback  stm32f4xx_hal_tim.o
    0x08002f16   0x00000108   Code   RO         1851    i.HAL_TIM_PWM_ConfigChannel  stm32f4xx_hal_tim.o
    0x0800301e   0x00000034   Code   RO         1854    i.HAL_TIM_PWM_Init  stm32f4xx_hal_tim.o
    0x08003052   0x00000002   PAD
    0x08003054   0x00000034   Code   RO         4602    i.HAL_TIM_PWM_MspInit  tim.o
    0x08003088   0x00000002   Code   RO         1857    i.HAL_TIM_PWM_PulseFinishedCallback  stm32f4xx_hal_tim.o
    0x0800308a   0x00000002   PAD
    0x0800308c   0x00000024   Code   RO          651    i.HAL_TIM_PeriodElapsedCallback  systemstate.o
    0x080030b0   0x00000002   Code   RO         1868    i.HAL_TIM_TriggerCallback  stm32f4xx_hal_tim.o
    0x080030b2   0x00000066   Code   RO         2673    i.HAL_UART_DMAStop  stm32f4xx_hal_uart.o
    0x08003118   0x00000002   Code   RO         2675    i.HAL_UART_ErrorCallback  stm32f4xx_hal_uart.o
    0x0800311a   0x00000002   PAD
    0x0800311c   0x00000148   Code   RO         2678    i.HAL_UART_IRQHandler  stm32f4xx_hal_uart.o
    0x08003264   0x00000072   Code   RO         2679    i.HAL_UART_Init     stm32f4xx_hal_uart.o
    0x080032d6   0x00000002   PAD
    0x080032d8   0x00000478   Code   RO         4732    i.HAL_UART_MspInit  usart.o
    0x08003750   0x000000a8   Code   RO         2683    i.HAL_UART_Receive_DMA  stm32f4xx_hal_uart.o
    0x080037f8   0x00000002   Code   RO         2685    i.HAL_UART_RxCpltCallback  stm32f4xx_hal_uart.o
    0x080037fa   0x00000002   Code   RO         2686    i.HAL_UART_RxHalfCpltCallback  stm32f4xx_hal_uart.o
    0x080037fc   0x000000d6   Code   RO         2687    i.HAL_UART_Transmit  stm32f4xx_hal_uart.o
    0x080038d2   0x00000002   PAD
    0x080038d4   0x0000009c   Code   RO         2688    i.HAL_UART_Transmit_DMA  stm32f4xx_hal_uart.o
    0x08003970   0x0000008c   Code   RO          457    i.HAL_UART_TxCpltCallback  bsp_uart.o
    0x080039fc   0x00000002   Code   RO         2691    i.HAL_UART_TxHalfCpltCallback  stm32f4xx_hal_uart.o
    0x080039fe   0x00000004   Code   RO         4835    i.HardFault_Handler  stm32f4xx_it.o
    0x08003a02   0x0000004e   Code   RO          962    i.ISO14443ACheckCRCA  camera.o
    0x08003a50   0x00000014   Code   RO          921    i.IsPositive        mycom.o
    0x08003a64   0x00000058   Code   RO          922    i.IsStrInc          mycom.o
    0x08003abc   0x00000a20   Code   RO          745    i.KeyBoardCtr       task.o
    0x080044dc   0x00000022   Code   RO          998    i.LRFGetDist        laserrangefinder.o
    0x080044fe   0x00000002   PAD
    0x08004500   0x00000100   Code   RO          999    i.LRF_Analy         laserrangefinder.o
    0x08004600   0x00000014   Code   RO          458    i.LRF_UARTSENT      bsp_uart.o
    0x08004614   0x0000003c   Code   RO         1001    i.LaserRFInite      laserrangefinder.o
    0x08004650   0x00000034   Code   RO          298    i.LiftMotor_EN_ALLSET  bsp_motor.o
    0x08004684   0x00000044   Code   RO         4547    i.MX_CAN1_Init      can.o
    0x080046c8   0x00000044   Code   RO         4548    i.MX_CAN2_Init      can.o
    0x0800470c   0x000000e8   Code   RO         4521    i.MX_DMA_Init       dma.o
    0x080047f4   0x00000028   Code   RO         4663    i.MX_FREERTOS_Init  freertos.o
    0x0800481c   0x00000130   Code   RO         4707    i.MX_GPIO_Init      gpio.o
    0x0800494c   0x00000028   Code   RO         5054    i.MX_IWDG_Init      iwdg.o
    0x08004974   0x00000080   Code   RO         4603    i.MX_TIM4_Init      tim.o
    0x080049f4   0x00000040   Code   RO         4604    i.MX_TIM6_Init      tim.o
    0x08004a34   0x00000038   Code   RO         4733    i.MX_UART4_Init     usart.o
    0x08004a6c   0x00000038   Code   RO         4734    i.MX_USART1_UART_Init  usart.o
    0x08004aa4   0x00000038   Code   RO         4735    i.MX_USART2_UART_Init  usart.o
    0x08004adc   0x00000038   Code   RO         4736    i.MX_USART3_UART_Init  usart.o
    0x08004b14   0x00000038   Code   RO         4737    i.MX_USART6_UART_Init  usart.o
    0x08004b4c   0x00000004   Code   RO         4836    i.MemManage_Handler  stm32f4xx_it.o
    0x08004b50   0x00000054   Code   RO          652    i.MesureTimePeriod  systemstate.o
    0x08004ba4   0x00000094   Code   RO          300    i.MotorProtect      bsp_motor.o
    0x08004c38   0x00000168   Code   RO          653    i.MotorStall_Check  systemstate.o
    0x08004da0   0x000000b0   Code   RO          301    i.Motor_Inite_ALL   bsp_motor.o
    0x08004e50   0x00000110   Code   RO          302    i.Motor_Inite_All_Chassis  bsp_motor.o
    0x08004f60   0x00000110   Code   RO          303    i.Motor_Inite_All_up_dowm  bsp_motor.o
    0x08005070   0x00000010   Code   RO          305    i.Motor_Zero        bsp_motor.o
    0x08005080   0x000000b8   Code   RO          306    i.Motor_control_UD  bsp_motor.o
    0x08005138   0x00000024   Code   RO          307    i.MoveMotor_EN_ALLSET  bsp_motor.o
    0x0800515c   0x00000048   Code   RO          144    i.My_CAN1_FilterConfig  bsp_can.o
    0x080051a4   0x00000048   Code   RO          145    i.My_CAN2_FilterConfig  bsp_can.o
    0x080051ec   0x0000001a   Code   RO          923    i.My_abs            mycom.o
    0x08005206   0x00000002   PAD
    0x08005208   0x00000018   Code   RO          459    i.My_print          bsp_uart.o
    0x08005220   0x00000002   Code   RO         4837    i.NMI_Handler       stm32f4xx_it.o
    0x08005222   0x00000002   PAD
    0x08005224   0x00000010   Code   RO         1671    i.NVIC_GetPriorityGrouping  stm32f4xx_hal_cortex.o
    0x08005234   0x00000028   Code   RO         1672    i.NVIC_SetPriority  stm32f4xx_hal_cortex.o
    0x0800525c   0x000000e8   Code   RO          654    i.OutLine_Check     systemstate.o
    0x08005344   0x0000016e   Code   RO          436    i.PID_Control_normal  bsp_pid.o
    0x080054b2   0x00000002   PAD
    0x080054b4   0x00000018   Code   RO          655    i.RefreshDeviceOutLineTime  systemstate.o
    0x080054cc   0x000001c8   Code   RO          308    i.SentControlData   bsp_motor.o
    0x08005694   0x0000029c   Code   RO          746    i.SetLimitAndTransToMotor  task.o
    0x08005930   0x000000fc   Code   RO          309    i.SpeedDistribute   bsp_motor.o
    0x08005a2c   0x0000000a   Code   RO         4664    i.StartDefaultTask  freertos.o
    0x08005a36   0x00000002   PAD
    0x08005a38   0x00000028   Code   RO         1002    i.StartTOMeasure    laserrangefinder.o
    0x08005a60   0x00000028   Code   RO         1003    i.StopMeasure       laserrangefinder.o
    0x08005a88   0x0000000c   Code   RO         4838    i.SysTick_Handler   stm32f4xx_it.o
    0x08005a94   0x000000c8   Code   RO         4994    i.SystemClock_Config  main.o
    0x08005b5c   0x00000064   Code   RO            5    i.SystemInit        system_stm32f4xx.o
    0x08005bc0   0x00000064   Code   RO          657    i.SystemState_Inite  systemstate.o
    0x08005c24   0x00000010   Code   RO         4839    i.TIM6_DAC_IRQHandler  stm32f4xx_it.o
    0x08005c34   0x000000e4   Code   RO         1869    i.TIM_Base_SetConfig  stm32f4xx_hal_tim.o
    0x08005d18   0x00000070   Code   RO         1878    i.TIM_OC1_SetConfig  stm32f4xx_hal_tim.o
    0x08005d88   0x00000078   Code   RO         1879    i.TIM_OC2_SetConfig  stm32f4xx_hal_tim.o
    0x08005e00   0x00000078   Code   RO         1880    i.TIM_OC3_SetConfig  stm32f4xx_hal_tim.o
    0x08005e78   0x00000060   Code   RO         1881    i.TIM_OC4_SetConfig  stm32f4xx_hal_tim.o
    0x08005ed8   0x00000014   Code   RO         4840    i.UART4_IRQHandler  stm32f4xx_it.o
    0x08005eec   0x000000ec   Code   RO          747    i.UARTAnalys        task.o
    0x08005fd8   0x00000014   Code   RO         2692    i.UART_DMAAbortOnError  stm32f4xx_hal_uart.o
    0x08005fec   0x00000050   Code   RO         2693    i.UART_DMAError     stm32f4xx_hal_uart.o
    0x0800603c   0x00000046   Code   RO         2694    i.UART_DMAReceiveCplt  stm32f4xx_hal_uart.o
    0x08006082   0x0000000e   Code   RO         2695    i.UART_DMARxHalfCplt  stm32f4xx_hal_uart.o
    0x08006090   0x00000036   Code   RO         2696    i.UART_DMATransmitCplt  stm32f4xx_hal_uart.o
    0x080060c6   0x0000000e   Code   RO         2697    i.UART_DMATxHalfCplt  stm32f4xx_hal_uart.o
    0x080060d4   0x00000020   Code   RO         2698    i.UART_EndRxTransfer  stm32f4xx_hal_uart.o
    0x080060f4   0x00000020   Code   RO         2699    i.UART_EndTransmit_IT  stm32f4xx_hal_uart.o
    0x08006114   0x00000014   Code   RO         2700    i.UART_EndTxTransfer  stm32f4xx_hal_uart.o
    0x08006128   0x000003b8   Code   RO          462    i.UART_Inite        bsp_uart.o
    0x080064e0   0x0000009a   Code   RO         2701    i.UART_Receive_IT   stm32f4xx_hal_uart.o
    0x0800657a   0x00000002   PAD
    0x0800657c   0x000000b4   Code   RO          463    i.UART_SendToQueue  bsp_uart.o
    0x08006630   0x00000368   Code   RO         2702    i.UART_SetConfig    stm32f4xx_hal_uart.o
    0x08006998   0x00000068   Code   RO         2703    i.UART_Transmit_IT  stm32f4xx_hal_uart.o
    0x08006a00   0x0000006c   Code   RO         2704    i.UART_WaitOnFlagUntilTimeout  stm32f4xx_hal_uart.o
    0x08006a6c   0x00000014   Code   RO         4841    i.USART1_IRQHandler  stm32f4xx_it.o
    0x08006a80   0x00000014   Code   RO         4842    i.USART2_IRQHandler  stm32f4xx_it.o
    0x08006a94   0x00000014   Code   RO         4843    i.USART3_IRQHandler  stm32f4xx_it.o
    0x08006aa8   0x00000014   Code   RO         4844    i.USART6_IRQHandler  stm32f4xx_it.o
    0x08006abc   0x00000004   Code   RO         4845    i.UsageFault_Handler  stm32f4xx_it.o
    0x08006ac0   0x0000002c   Code   RO          465    i.Usart2SendData_DMA  bsp_uart.o
    0x08006aec   0x0000002c   Code   RO          466    i.Usart3SendData_DMA  bsp_uart.o
    0x08006b18   0x0000002c   Code   RO          467    i.Usart4SendData_DMA  bsp_uart.o
    0x08006b44   0x0000002c   Code   RO          468    i.Usart6SendData_DMA  bsp_uart.o
    0x08006b70   0x00000244   Code   RO          469    i.UsartReceive_IDLE  bsp_uart.o
    0x08006db4   0x0000002c   Code   RO          470    i.UsartSendData_DMA  bsp_uart.o
    0x08006de0   0x00000020   Code   RO         5151    i.__0printf$1       mc_w.l(printf1.o)
    0x08006e00   0x00000028   Code   RO         5153    i.__0sprintf$1      mc_w.l(printf1.o)
    0x08006e28   0x00000026   Code   RO         5385    i.__ARM_fpclassifyf  m_wm.l(fpclassifyf.o)
    0x08006e4e   0x00000002   PAD
    0x08006e50   0x0000060c   Code   RO         5081    i.__hardfp_powf     m_wm.l(powf.o)
    0x0800745c   0x00000014   Code   RO         5387    i.__mathlib_flt_divzero  m_wm.l(funder.o)
    0x08007470   0x00000006   Code   RO         5389    i.__mathlib_flt_infnan2  m_wm.l(funder.o)
    0x08007476   0x00000002   PAD
    0x08007478   0x00000010   Code   RO         5390    i.__mathlib_flt_invalid  m_wm.l(funder.o)
    0x08007488   0x00000010   Code   RO         5391    i.__mathlib_flt_overflow  m_wm.l(funder.o)
    0x08007498   0x00000010   Code   RO         5393    i.__mathlib_flt_underflow  m_wm.l(funder.o)
    0x080074a8   0x0000000e   Code   RO         5446    i.__scatterload_copy  mc_w.l(handlers.o)
    0x080074b6   0x00000002   Code   RO         5447    i.__scatterload_null  mc_w.l(handlers.o)
    0x080074b8   0x0000000e   Code   RO         5448    i.__scatterload_zeroinit  mc_w.l(handlers.o)
    0x080074c6   0x00000002   PAD
    0x080074c8   0x0000000c   Code   RO         5426    i.__set_errno       mc_w.l(errno.o)
    0x080074d4   0x00000154   Code   RO         5158    i._printf_core      mc_w.l(printf1.o)
    0x08007628   0x0000000a   Code   RO         5160    i._sputc            mc_w.l(printf1.o)
    0x08007632   0x00000002   Code   RO         4665    i.configureTimerForRunTimeStats  freertos.o
    0x08007634   0x0000001c   Code   RO          472    i.fputc             bsp_uart.o
    0x08007650   0x00000004   Code   RO         4666    i.getRunTimeCounterValue  freertos.o
    0x08007654   0x000001cc   Code   RO         4995    i.main              main.o
    0x08007820   0x0000000e   Code   RO         4175    i.makeFreeRtosPriority  cmsis_os.o
    0x0800782e   0x00000018   Code   RO         4176    i.osDelay           cmsis_os.o
    0x08007846   0x0000000a   Code   RO         4179    i.osKernelStart     cmsis_os.o
    0x08007850   0x00000010   Code   RO         4208    i.osSystickHandler  cmsis_os.o
    0x08007860   0x0000003a   Code   RO         4209    i.osThreadCreate    cmsis_os.o
    0x0800789a   0x00000002   PAD
    0x0800789c   0x00000054   Code   RO         3779    i.prvAddCurrentTaskToDelayedList  tasks.o
    0x080078f0   0x00000042   Code   RO         3780    i.prvAllocateTCBAndStack  tasks.o
    0x08007932   0x00000002   PAD
    0x08007934   0x00000064   Code   RO         3781    i.prvCheckTasksWaitingTermination  tasks.o
    0x08007998   0x0000002a   Code   RO         3618    i.prvCopyDataFromQueue  queue.o
    0x080079c2   0x00000080   Code   RO         3619    i.prvCopyDataToQueue  queue.o
    0x08007a42   0x00000012   Code   RO         3782    i.prvDeleteTCB      tasks.o
    0x08007a54   0x0000007c   Code   RO         4113    i.prvHeapInit       heap_4.o
    0x08007ad0   0x00000028   Code   RO         3783    i.prvIdleTask       tasks.o
    0x08007af8   0x00000064   Code   RO         3784    i.prvInitialiseTCBVariables  tasks.o
    0x08007b5c   0x00000068   Code   RO         3785    i.prvInitialiseTaskLists  tasks.o
    0x08007bc4   0x00000068   Code   RO         4114    i.prvInsertBlockIntoFreeList  heap_4.o
    0x08007c2c   0x0000001a   Code   RO         3620    i.prvIsQueueEmpty   queue.o
    0x08007c46   0x0000001e   Code   RO         3621    i.prvIsQueueFull    queue.o
    0x08007c64   0x00000034   Code   RO         3787    i.prvResetNextTaskUnblockTime  tasks.o
    0x08007c98   0x00000040   Code   RO         3429    i.prvTaskExitError  port.o
    0x08007cd8   0x0000007e   Code   RO         3622    i.prvUnlockQueue    queue.o
    0x08007d56   0x00000002   PAD
    0x08007d58   0x0000013c   Code   RO         4115    i.pvPortMalloc      heap_4.o
    0x08007e94   0x00000020   Code   RO         3790    i.pvTaskIncrementMutexHeldCount  tasks.o
    0x08007eb4   0x00000028   Code   RO         3430    i.pxPortInitialiseStack  port.o
    0x08007edc   0x000000b0   Code   RO          924    i.str2f             mycom.o
    0x08007f8c   0x00000028   Code   RO         3508    i.uxListRemove      list.o
    0x08007fb4   0x0000007c   Code   RO          749    i.vBEEP_Task        task.o
    0x08008030   0x00000040   Code   RO          147    i.vCanSent_Task     bsp_can.o
    0x08008070   0x00000064   Code   RO          750    i.vFEEDDOG_Task     task.o
    0x080080d4   0x00000054   Code   RO          751    i.vLED2_Task        task.o
    0x08008128   0x00000058   Code   RO          752    i.vLED_Task         task.o
    0x08008180   0x0000001a   Code   RO         3509    i.vListInitialise   list.o
    0x0800819a   0x00000006   Code   RO         3510    i.vListInitialiseItem  list.o
    0x080081a0   0x00000034   Code   RO         3511    i.vListInsert       list.o
    0x080081d4   0x00000018   Code   RO         3512    i.vListInsertEnd    list.o
    0x080081ec   0x000001fc   Code   RO          753    i.vMotorGetZero_Task  task.o
    0x080083e8   0x000000b8   Code   RO          310    i.vMotorPIDCtr_Task  bsp_motor.o
    0x080084a0   0x0000001c   Code   RO          658    i.vOutLineCheck_Task  systemstate.o
    0x080084bc   0x00000054   Code   RO         3432    i.vPortEnterCritical  port.o
    0x08008510   0x0000003c   Code   RO         3433    i.vPortExitCritical  port.o
    0x0800854c   0x00000094   Code   RO         4116    i.vPortFree         heap_4.o
    0x080085e0   0x00000020   Code   RO         3434    i.vPortSetupTimerInterrupt  port.o
    0x08008600   0x00000078   Code   RO         3435    i.vPortValidateInterruptPriority  port.o
    0x08008678   0x000000d4   Code   RO         1004    i.vRTFInite_Task    laserrangefinder.o
    0x0800874c   0x00000400   Code   RO          754    i.vRobotCtrTask     task.o
    0x08008b4c   0x0000008c   Code   RO         3799    i.vTaskDelay        tasks.o
    0x08008bd8   0x000000fc   Code   RO         3800    i.vTaskDelayUntil   tasks.o
    0x08008cd4   0x000000e0   Code   RO         3801    i.vTaskDelete       tasks.o
    0x08008db4   0x0000000c   Code   RO         3803    i.vTaskMissedYield  tasks.o
    0x08008dc0   0x0000007c   Code   RO         3805    i.vTaskPlaceOnEventList  tasks.o
    0x08008e3c   0x000000b0   Code   RO         3807    i.vTaskPriorityInherit  tasks.o
    0x08008eec   0x00000030   Code   RO         3811    i.vTaskSetTimeOutState  tasks.o
    0x08008f1c   0x00000080   Code   RO         3812    i.vTaskStartScheduler  tasks.o
    0x08008f9c   0x00000010   Code   RO         3814    i.vTaskSuspendAll   tasks.o
    0x08008fac   0x000000c8   Code   RO         3815    i.vTaskSwitchContext  tasks.o
    0x08009074   0x00000290   Code   RO          755    i.vTask_GetBullet   task.o
    0x08009304   0x00000014   Code   RO          756    i.vTest_Task        task.o
    0x08009318   0x00000038   Code   RO          473    i.vUART2Analy_Task  bsp_uart.o
    0x08009350   0x000000b4   Code   RO          474    i.vUART2Sent_Task   bsp_uart.o
    0x08009404   0x00000038   Code   RO          475    i.vUART3Analy_Task  bsp_uart.o
    0x0800943c   0x000000b4   Code   RO          476    i.vUART3Sent_Task   bsp_uart.o
    0x080094f0   0x00000038   Code   RO          477    i.vUART4Analy_Task  bsp_uart.o
    0x08009528   0x000000b4   Code   RO          478    i.vUART4Sent_Task   bsp_uart.o
    0x080095dc   0x00000038   Code   RO          479    i.vUART6Analy_Task  bsp_uart.o
    0x08009614   0x000000b4   Code   RO          480    i.vUART6Sent_Task   bsp_uart.o
    0x080096c8   0x00000038   Code   RO          481    i.vUARTAnaly_Task   bsp_uart.o
    0x08009700   0x000000b4   Code   RO          482    i.vUARTSent_Task    bsp_uart.o
    0x080097b4   0x0000000c   Code   RO         4118    i.xPortGetFreeHeapSize  heap_4.o
    0x080097c0   0x0000000c   Code   RO         4119    i.xPortGetMinimumEverFreeHeapSize  heap_4.o
    0x080097cc   0x0000013c   Code   RO         3436    i.xPortStartScheduler  port.o
    0x08009908   0x00000034   Code   RO         3437    i.xPortSysTickHandler  port.o
    0x0800993c   0x00000086   Code   RO         3633    i.xQueueGenericCreate  queue.o
    0x080099c2   0x00000002   PAD
    0x080099c4   0x000001ac   Code   RO         3634    i.xQueueGenericReceive  queue.o
    0x08009b70   0x00000094   Code   RO         3635    i.xQueueGenericReset  queue.o
    0x08009c04   0x000001a0   Code   RO         3636    i.xQueueGenericSend  queue.o
    0x08009da4   0x000000f0   Code   RO         3637    i.xQueueGenericSendFromISR  queue.o
    0x08009e94   0x0000008c   Code   RO         3816    i.xTaskCheckForTimeOut  tasks.o
    0x08009f20   0x00000170   Code   RO         3817    i.xTaskGenericCreate  tasks.o
    0x0800a090   0x00000020   Code   RO         3821    i.xTaskGetSchedulerState  tasks.o
    0x0800a0b0   0x0000000c   Code   RO         3822    i.xTaskGetTickCount  tasks.o
    0x0800a0bc   0x0000014c   Code   RO         3824    i.xTaskIncrementTick  tasks.o
    0x0800a208   0x000000c8   Code   RO         3827    i.xTaskPriorityDisinherit  tasks.o
    0x0800a2d0   0x00000098   Code   RO         3828    i.xTaskRemoveFromEventList  tasks.o
    0x0800a368   0x00000104   Code   RO         3830    i.xTaskResumeAll    tasks.o
    0x0800a46c   0x00000010   Data   RO         1192    .constdata          stm32f4xx_hal_rcc.o
    0x0800a47c   0x00000008   Data   RO         3185    .constdata          stm32f4xx_hal_dma.o
    0x0800a484   0x00000014   Data   RO         4667    .constdata          freertos.o
    0x0800a498   0x00000140   Data   RO         5084    .constdata          m_wm.l(powf.o)
    0x0800a5d8   0x0000000c   Data   RO         4668    .conststring        freertos.o
    0x0800a5e4   0x00000020   Data   RO         5444    Region$$Table       anon$$obj.o


    Execution Region RW_IRAM1 (Base: 0x20000000, Size: 0x00008f08, Max: 0x00020000, ABSOLUTE)

    Base Addr    Size         Type   Attr      Idx    E Section Name        Object

    0x20000000   0x00000004   Data   RW            7    .data               system_stm32f4xx.o
    0x20000004   0x00000010   Data   RW          149    .data               bsp_can.o
    0x20000014   0x00000028   Data   RW          484    .data               bsp_uart.o
    0x2000003c   0x0000002c   Data   RW          660    .data               systemstate.o
    0x20000068   0x0000003c   Data   RW          757    .data               task.o
    0x200000a4   0x00000004   Data   RW          963    .data               camera.o
    0x200000a8   0x00000008   Data   RW         1005    .data               laserrangefinder.o
    0x200000b0   0x00000004   Data   RW         1529    .data               stm32f4xx_hal.o
    0x200000b4   0x0000000c   Data   RW         3438    .data               port.o
    0x200000c0   0x00000040   Data   RW         3833    .data               tasks.o
    0x20000100   0x00000018   Data   RW         4121    .data               heap_4.o
    0x20000118   0x00000004   Data   RW         4550    .data               can.o
    0x2000011c   0x00000004   Data   RW         4669    .data               freertos.o
    0x20000120   0x00000004   Data   RW         5415    .data               mc_w.l(stdout.o)
    0x20000124   0x00000004   Data   RW         5427    .data               mc_w.l(errno.o)
    0x20000128   0x00000080   Zero   RW          148    .bss                bsp_can.o
    0x200001a8   0x00000668   Zero   RW          311    .bss                bsp_motor.o
    0x20000810   0x00000294   Zero   RW          483    .bss                bsp_uart.o
    0x20000aa4   0x0000026c   Zero   RW          659    .bss                systemstate.o
    0x20000d10   0x0000006c   Zero   RW          868    .bss                remote.o
    0x20000d7c   0x000000f0   Zero   RW         3832    .bss                tasks.o
    0x20000e6c   0x00007698   Zero   RW         4120    .bss                heap_4.o
    0x20008504   0x00000080   Zero   RW         4549    .bss                can.o
    0x20008584   0x00000078   Zero   RW         4605    .bss                tim.o
    0x200085fc   0x00000500   Zero   RW         4738    .bss                usart.o
    0x20008afc   0x0000000c   Zero   RW         5055    .bss                iwdg.o
    0x20008b08   0x00000400   Zero   RW         3421    STACK               startup_stm32f405xx.o


==============================================================================

Image component sizes


      Code (inc. data)   RO Data    RW Data    ZI Data      Debug   Object Name

       956        146          0         16        128      28148   bsp_can.o
      2568        374          0          0       1640      13515   bsp_motor.o
       366          0          0          0          0       1133   bsp_pid.o
      3336        654          0         40        660      17562   bsp_uart.o
       150          4          0          4          0       2239   camera.o
       432         52          0          4        128       2458   can.o
       122          0          0          0          0      13754   cmsis_os.o
       232          6          0          0          0        898   dma.o
        56         10         32          4          0       2783   freertos.o
       304         22          0          0          0       1079   gpio.o
       716         74          0         24      30360       8604   heap_4.o
        40          8          0          0         12        715   iwdg.o
       678        150          0          8          0       6069   laserrangefinder.o
       148          0          0          0          0       3682   list.o
       664        160          0          0          0       2468   main.o
       310          4          0          0          0       2765   mycom.o
       954         90          0         12          0      18089   port.o
      1718         12          0          0          0      11785   queue.o
       256          4          0          0        108       3816   remote.o
        36          8        392          0       1024        816   startup_stm32f405xx.o
       128         20          0          4          0       3743   stm32f4xx_hal.o
      2534         34          0          0          0       7688   stm32f4xx_hal_can.o
       338         22          0          0          0      31649   stm32f4xx_hal_cortex.o
      1466         20          8          0          0       7134   stm32f4xx_hal_dma.o
       524         46          0          0          0       2460   stm32f4xx_hal_gpio.o
        80          0          0          0          0       1172   stm32f4xx_hal_iwdg.o
        86          0          0          0          0        534   stm32f4xx_hal_msp.o
      1668         70         16          0          0       5839   stm32f4xx_hal_rcc.o
      1488         80          0          0          0      10458   stm32f4xx_hal_tim.o
       102          0          0          0          0       2418   stm32f4xx_hal_tim_ex.o
      2664         42          0          0          0      16575   stm32f4xx_hal_uart.o
       340         98          0          0          0      12704   stm32f4xx_it.o
       100         18          0          4          0     310393   system_stm32f4xx.o
      1044        124          0         44        620      12992   systemstate.o
      6100        598          0         60          0      10657   task.o
      3412        440          0         64        240      25542   tasks.o
       372         46          0          0        120       3499   tim.o
      1424        142          0          0       1280       5192   usart.o

    ----------------------------------------------------------------------
     37954       3578        480        288      36320     613027   Object Totals
         0          0         32          0          0          0   (incl. Generated)
        42          0          0          0          0          0   (incl. Padding)

    ----------------------------------------------------------------------

      Code (inc. data)   RO Data    RW Data    ZI Data      Debug   Library Member Name

        38          0          0          0          0        116   fpclassifyf.o
        74         24          0          0          0        580   funder.o
      1548        110        320          0          0        268   powf.o
         0          0          0          0          0          0   entry.o
         0          0          0          0          0          0   entry10a.o
         0          0          0          0          0          0   entry11a.o
         8          4          0          0          0          0   entry2.o
         4          0          0          0          0          0   entry5.o
         0          0          0          0          0          0   entry7b.o
         0          0          0          0          0          0   entry8b.o
         8          4          0          0          0          0   entry9a.o
        12          6          0          4          0         68   errno.o
        30          0          0          0          0          0   handlers.o
        36          8          0          0          0         68   init.o
         0          0          0          0          0          0   iusefp.o
        30          0          0          0          0         68   llshl.o
        36          0          0          0          0         68   llsshr.o
        32          0          0          0          0         68   llushr.o
        36          0          0          0          0         68   memcpya.o
        36          0          0          0          0        108   memseta.o
       422         20          0          0          0        336   printf1.o
         0          0          0          4          0          0   stdout.o
        14          0          0          0          0         68   strlen.o
        44          0          0          0          0         80   uidiv.o
        48          0          0          0          0         68   cdcmple.o
        48          0          0          0          0         68   cdrcmple.o
        56          0          0          0          0         88   d2f.o
       334          0          0          0          0        148   dadd.o
       222          0          0          0          0        100   ddiv.o
       186          0          0          0          0        176   depilogue.o
        34          0          0          0          0         76   dflti.o
        26          0          0          0          0         76   dfltui.o
       228          0          0          0          0         96   dmul.o
        38          0          0          0          0         68   f2d.o
       110          0          0          0          0        168   fepilogue.o

    ----------------------------------------------------------------------
      3746        176        320          8          0       3096   Library Totals
         8          0          0          0          0          0   (incl. Padding)

    ----------------------------------------------------------------------

      Code (inc. data)   RO Data    RW Data    ZI Data      Debug   Library Name

      1660        134        320          0          0        964   m_wm.l
       748         42          0          8          0       1000   mc_w.l
      1330          0          0          0          0       1132   mf_w.l

    ----------------------------------------------------------------------
      3746        176        320          8          0       3096   Library Totals

    ----------------------------------------------------------------------

==============================================================================


      Code (inc. data)   RO Data    RW Data    ZI Data      Debug   

     41700       3754        800        296      36320     588835   Grand Totals
     41700       3754        800        296      36320     588835   ELF Image Totals
     41700       3754        800        296          0          0   ROM Totals

==============================================================================

    Total RO  Size (Code + RO Data)                42500 (  41.50kB)
    Total RW  Size (RW Data + ZI Data)             36616 (  35.76kB)
    Total ROM Size (Code + RO Data + RW Data)      42796 (  41.79kB)

==============================================================================

