<html>
<body>
<pre>
<h1>礦ision Build Log</h1>
<h2>Tool Versions:</h2>
IDE-Version: μVision V5.14.0.0
Copyright (C) 2015 ARM Ltd and ARM Germany GmbH. All rights reserved.
License Information: Happy houho, nefu, LIC=4ZLII-TIY8T-QFPIY-IG6WZ-V7YGA-DRRD5
 
Tool Versions:
Toolchain:       MDK-ARM Professional  Version: 5.14.0.0
Toolchain Path:  D:\soft\Keil_v5\ARM\ARMCC\Bin
C Compiler:      Armcc.exe V5.05 update 1 (build 106)
Assembler:       Armasm.exe V5.05 update 1 (build 106)
Linker/Locator:  ArmLink.exe V5.05 update 1 (build 106)
Library Manager: ArmAr.exe V5.05 update 1 (build 106)
Hex Converter:   FromElf.exe V5.05 update 1 (build 106)
CPU DLL:         SARMCM3.DLL V5.14.0.0
Dialog DLL:      DCM.DLL V1.13.1.0
Target DLL:      Segger\JL2CM3.dll V2.99.13.0
Dialog DLL:      TCM.DLL V1.14.4.0
 
<h2>Project:</h2>
F:\研究生\比赛\RM2018\嵌入式\上位机\Monitor\Monitor\MDK-ARM\Monitor.uvprojx
Project File Date:  07/06/2018

<h2>Output:</h2>
Build target 'Monitor'
compiling bsp_Uart.c...
..\UserSource\bsp_Uart.c(7): warning:  #188-D: enumerated type mixed with another type
  USART_RECEIVETYPE UsartType1={0},UsartType2={0},UsartType3={0},UsartType4={0},UsartType6={0}; 
..\UserSource\bsp_Uart.c(7): warning:  #188-D: enumerated type mixed with another type
  USART_RECEIVETYPE UsartType1={0},UsartType2={0},UsartType3={0},UsartType4={0},UsartType6={0}; 
..\UserSource\bsp_Uart.c(7): warning:  #188-D: enumerated type mixed with another type
  USART_RECEIVETYPE UsartType1={0},UsartType2={0},UsartType3={0},UsartType4={0},UsartType6={0}; 
..\UserSource\bsp_Uart.c(7): warning:  #188-D: enumerated type mixed with another type
  USART_RECEIVETYPE UsartType1={0},UsartType2={0},UsartType3={0},UsartType4={0},UsartType6={0}; 
..\UserSource\bsp_Uart.c(7): warning:  #188-D: enumerated type mixed with another type
  USART_RECEIVETYPE UsartType1={0},UsartType2={0},UsartType3={0},UsartType4={0},UsartType6={0}; 
..\UserSource\bsp_Uart.c: 5 warnings, 0 errors
compiling Task.c...
..\UserSource\Task.c(107): warning:  #177-D: variable "data" was declared but never referenced
        char data[9+3]={0};
..\UserSource\Task.c(123): warning:  #1-D: last line of file ends without a newline
  }
..\UserSource\Task.c: 2 warnings, 0 errors
compiling Monitor.c...
linking...
Program Size: Code=30260 RO-data=576 RW-data=180 ZI-data=34364  
"Monitor\Monitor.axf" - 0 Error(s), 7 Warning(s).

<h2>Software Packages used:</h2>

Package Vendor: ARM
                http://www.keil.com/pack/ARM.CMSIS.4.2.0.pack
                ARM::CMSIS:CORE:3.40.0
                CMSIS (Cortex Microcontroller Software Interface Standard)
   * Component: CORE Version: 3.40.0

<h2>Collection of Component include folders:</h2>
  F:\研究生\比赛\RM2018\嵌入式\上位机\Monitor\Monitor\MDK-ARM\RTE
  D:\soft\Keil_v5\ARM\PACK\ARM\CMSIS\4.2.0\CMSIS\Include
  D:\soft\Keil_v5\ARM\PACK\Keil\STM32F4xx_DFP\1.0.8\Device\Include

<h2>Collection of Component Files used:</h2>

   * Component: ARM::CMSIS:CORE:3.40.0
      Source file:   CMSIS\UserCodeTemplates\ARM\ITM_Retarget.c
</pre>
</body>
</html>
